
> tasks@0.1.0 test
> react-scripts test --coverage

Browserslist: caniuse-lite is outdated. Please run:
  npx browserslist@latest --update-db
  Why you should do it regularly: https://github.com/browserslist/browserslist#browsers-data-updating
FAIL src/quizzer/Quizzer.test.tsx
  ● Console

    console.error
      Warning: Encountered two children with the same key, `5|1937`. Keys should be unique so that components maintain their identity across updates. Non-unique keys may cause children to be duplicated and/or omitted — the behavior is unsupported and could change in a future version.
          at QuizExpanded (/home/runner/work/quizzer_start/quizzer_start/src/quizzer/QuizExpanded.tsx:10:5)
          at div
          at QuizView (/home/runner/work/quizzer_start/quizzer_start/src/quizzer/QuizView.tsx:9:5)
          at div
          at QuizList (/home/runner/work/quizzer_start/quizzer_start/src/quizzer/QuizList.tsx:9:5)
          at div
          at Quizzer (/home/runner/work/quizzer_start/quizzer_start/src/quizzer/Quizzer.tsx:24:35)

      at printWarning (node_modules/react-dom/cjs/react-dom.development.js:67:30)
      at error (node_modules/react-dom/cjs/react-dom.development.js:43:5)
      at warnOnInvalidKey (node_modules/react-dom/cjs/react-dom.development.js:13620:11)
      at reconcileChildrenArray (node_modules/react-dom/cjs/react-dom.development.js:13651:21)
      at reconcileChildFibers (node_modules/react-dom/cjs/react-dom.development.js:14125:14)
      at reconcileChildren (node_modules/react-dom/cjs/react-dom.development.js:16990:28)
      at updateFragment (node_modules/react-dom/cjs/react-dom.development.js:17294:3)
      at beginWork (node_modules/react-dom/cjs/react-dom.development.js:19102:14)

    console.error
      Warning: Encountered two children with the same key, `5|1937`. Keys should be unique so that components maintain their identity across updates. Non-unique keys may cause children to be duplicated and/or omitted — the behavior is unsupported and could change in a future version.
          at QuizExpanded (/home/runner/work/quizzer_start/quizzer_start/src/quizzer/QuizExpanded.tsx:10:5)
          at div
          at QuizView (/home/runner/work/quizzer_start/quizzer_start/src/quizzer/QuizView.tsx:9:5)
          at div
          at QuizList (/home/runner/work/quizzer_start/quizzer_start/src/quizzer/QuizList.tsx:9:5)
          at div
          at Quizzer (/home/runner/work/quizzer_start/quizzer_start/src/quizzer/Quizzer.tsx:24:35)

      at printWarning (node_modules/react-dom/cjs/react-dom.development.js:67:30)
      at error (node_modules/react-dom/cjs/react-dom.development.js:43:5)
      at warnOnInvalidKey (node_modules/react-dom/cjs/react-dom.development.js:13620:11)
      at reconcileChildrenArray (node_modules/react-dom/cjs/react-dom.development.js:13651:21)
      at reconcileChildFibers (node_modules/react-dom/cjs/react-dom.development.js:14125:14)
      at reconcileChildren (node_modules/react-dom/cjs/react-dom.development.js:16990:28)
      at updateFragment (node_modules/react-dom/cjs/react-dom.development.js:17294:3)
      at beginWork (node_modules/react-dom/cjs/react-dom.development.js:19102:14)

    console.error
      Warning: Encountered two children with the same key, `5|1937`. Keys should be unique so that components maintain their identity across updates. Non-unique keys may cause children to be duplicated and/or omitted — the behavior is unsupported and could change in a future version.
          at QuizExpanded (/home/runner/work/quizzer_start/quizzer_start/src/quizzer/QuizExpanded.tsx:10:5)
          at div
          at QuizView (/home/runner/work/quizzer_start/quizzer_start/src/quizzer/QuizView.tsx:9:5)
          at div
          at QuizList (/home/runner/work/quizzer_start/quizzer_start/src/quizzer/QuizList.tsx:9:5)
          at div
          at Quizzer (/home/runner/work/quizzer_start/quizzer_start/src/quizzer/Quizzer.tsx:24:35)

      at printWarning (node_modules/react-dom/cjs/react-dom.development.js:67:30)
      at error (node_modules/react-dom/cjs/react-dom.development.js:43:5)
      at warnOnInvalidKey (node_modules/react-dom/cjs/react-dom.development.js:13620:11)
      at reconcileChildrenArray (node_modules/react-dom/cjs/react-dom.development.js:13651:21)
      at reconcileChildFibers (node_modules/react-dom/cjs/react-dom.development.js:14125:14)
      at reconcileChildren (node_modules/react-dom/cjs/react-dom.development.js:16990:28)
      at updateFragment (node_modules/react-dom/cjs/react-dom.development.js:17294:3)
      at beginWork (node_modules/react-dom/cjs/react-dom.development.js:19102:14)

    console.error
      Warning: Encountered two children with the same key, `5|1937`. Keys should be unique so that components maintain their identity across updates. Non-unique keys may cause children to be duplicated and/or omitted — the behavior is unsupported and could change in a future version.
          at QuizExpanded (/home/runner/work/quizzer_start/quizzer_start/src/quizzer/QuizExpanded.tsx:10:5)
          at div
          at QuizView (/home/runner/work/quizzer_start/quizzer_start/src/quizzer/QuizView.tsx:9:5)
          at div
          at QuizList (/home/runner/work/quizzer_start/quizzer_start/src/quizzer/QuizList.tsx:9:5)
          at div
          at Quizzer (/home/runner/work/quizzer_start/quizzer_start/src/quizzer/Quizzer.tsx:24:35)

      at printWarning (node_modules/react-dom/cjs/react-dom.development.js:67:30)
      at error (node_modules/react-dom/cjs/react-dom.development.js:43:5)
      at warnOnInvalidKey (node_modules/react-dom/cjs/react-dom.development.js:13620:11)
      at reconcileChildrenArray (node_modules/react-dom/cjs/react-dom.development.js:13651:21)
      at reconcileChildFibers (node_modules/react-dom/cjs/react-dom.development.js:14125:14)
      at reconcileChildren (node_modules/react-dom/cjs/react-dom.development.js:16990:28)
      at updateFragment (node_modules/react-dom/cjs/react-dom.development.js:17294:3)
      at beginWork (node_modules/react-dom/cjs/react-dom.development.js:19102:14)

    console.error
      Warning: Encountered two children with the same key, `5|1937`. Keys should be unique so that components maintain their identity across updates. Non-unique keys may cause children to be duplicated and/or omitted — the behavior is unsupported and could change in a future version.
          at QuizExpanded (/home/runner/work/quizzer_start/quizzer_start/src/quizzer/QuizExpanded.tsx:10:5)
          at div
          at QuizView (/home/runner/work/quizzer_start/quizzer_start/src/quizzer/QuizView.tsx:9:5)
          at div
          at QuizList (/home/runner/work/quizzer_start/quizzer_start/src/quizzer/QuizList.tsx:9:5)
          at div
          at Quizzer (/home/runner/work/quizzer_start/quizzer_start/src/quizzer/Quizzer.tsx:24:35)

      at printWarning (node_modules/react-dom/cjs/react-dom.development.js:67:30)
      at error (node_modules/react-dom/cjs/react-dom.development.js:43:5)
      at warnOnInvalidKey (node_modules/react-dom/cjs/react-dom.development.js:13620:11)
      at reconcileChildrenArray (node_modules/react-dom/cjs/react-dom.development.js:13651:21)
      at reconcileChildFibers (node_modules/react-dom/cjs/react-dom.development.js:14125:14)
      at reconcileChildren (node_modules/react-dom/cjs/react-dom.development.js:16990:28)
      at updateFragment (node_modules/react-dom/cjs/react-dom.development.js:17294:3)
      at beginWork (node_modules/react-dom/cjs/react-dom.development.js:19102:14)

    console.error
      Warning: Encountered two children with the same key, `5|1937`. Keys should be unique so that components maintain their identity across updates. Non-unique keys may cause children to be duplicated and/or omitted — the behavior is unsupported and could change in a future version.
          at QuizExpanded (/home/runner/work/quizzer_start/quizzer_start/src/quizzer/QuizExpanded.tsx:10:5)
          at div
          at QuizView (/home/runner/work/quizzer_start/quizzer_start/src/quizzer/QuizView.tsx:9:5)
          at div
          at QuizList (/home/runner/work/quizzer_start/quizzer_start/src/quizzer/QuizList.tsx:9:5)
          at div
          at Quizzer (/home/runner/work/quizzer_start/quizzer_start/src/quizzer/Quizzer.tsx:24:35)

      at printWarning (node_modules/react-dom/cjs/react-dom.development.js:67:30)
      at error (node_modules/react-dom/cjs/react-dom.development.js:43:5)
      at warnOnInvalidKey (node_modules/react-dom/cjs/react-dom.development.js:13620:11)
      at reconcileChildrenArray (node_modules/react-dom/cjs/react-dom.development.js:13651:21)
      at reconcileChildFibers (node_modules/react-dom/cjs/react-dom.development.js:14125:14)
      at reconcileChildren (node_modules/react-dom/cjs/react-dom.development.js:16990:28)
      at updateFragment (node_modules/react-dom/cjs/react-dom.development.js:17294:3)
      at beginWork (node_modules/react-dom/cjs/react-dom.development.js:19102:14)

    console.error
      Warning: Encountered two children with the same key, `5|1937`. Keys should be unique so that components maintain their identity across updates. Non-unique keys may cause children to be duplicated and/or omitted — the behavior is unsupported and could change in a future version.
          at QuizExpanded (/home/runner/work/quizzer_start/quizzer_start/src/quizzer/QuizExpanded.tsx:10:5)
          at div
          at QuizView (/home/runner/work/quizzer_start/quizzer_start/src/quizzer/QuizView.tsx:9:5)
          at div
          at QuizList (/home/runner/work/quizzer_start/quizzer_start/src/quizzer/QuizList.tsx:9:5)
          at div
          at Quizzer (/home/runner/work/quizzer_start/quizzer_start/src/quizzer/Quizzer.tsx:24:35)

      at printWarning (node_modules/react-dom/cjs/react-dom.development.js:67:30)
      at error (node_modules/react-dom/cjs/react-dom.development.js:43:5)
      at warnOnInvalidKey (node_modules/react-dom/cjs/react-dom.development.js:13620:11)
      at reconcileChildrenArray (node_modules/react-dom/cjs/react-dom.development.js:13651:21)
      at reconcileChildFibers (node_modules/react-dom/cjs/react-dom.development.js:14125:14)
      at reconcileChildren (node_modules/react-dom/cjs/react-dom.development.js:16990:28)
      at updateFragment (node_modules/react-dom/cjs/react-dom.development.js:17294:3)
      at beginWork (node_modules/react-dom/cjs/react-dom.development.js:19102:14)

    console.error
      Warning: Encountered two children with the same key, `5|1937`. Keys should be unique so that components maintain their identity across updates. Non-unique keys may cause children to be duplicated and/or omitted — the behavior is unsupported and could change in a future version.
          at QuizExpanded (/home/runner/work/quizzer_start/quizzer_start/src/quizzer/QuizExpanded.tsx:10:5)
          at div
          at QuizView (/home/runner/work/quizzer_start/quizzer_start/src/quizzer/QuizView.tsx:9:5)
          at div
          at QuizList (/home/runner/work/quizzer_start/quizzer_start/src/quizzer/QuizList.tsx:9:5)
          at div
          at Quizzer (/home/runner/work/quizzer_start/quizzer_start/src/quizzer/Quizzer.tsx:24:35)

      at printWarning (node_modules/react-dom/cjs/react-dom.development.js:67:30)
      at error (node_modules/react-dom/cjs/react-dom.development.js:43:5)
      at warnOnInvalidKey (node_modules/react-dom/cjs/react-dom.development.js:13620:11)
      at reconcileChildrenArray (node_modules/react-dom/cjs/react-dom.development.js:13651:21)
      at reconcileChildFibers (node_modules/react-dom/cjs/react-dom.development.js:14125:14)
      at reconcileChildren (node_modules/react-dom/cjs/react-dom.development.js:16990:28)
      at updateFragment (node_modules/react-dom/cjs/react-dom.development.js:17294:3)
      at beginWork (node_modules/react-dom/cjs/react-dom.development.js:19102:14)

    console.error
      Warning: Encountered two children with the same key, `5|1937`. Keys should be unique so that components maintain their identity across updates. Non-unique keys may cause children to be duplicated and/or omitted — the behavior is unsupported and could change in a future version.
          at QuizExpanded (/home/runner/work/quizzer_start/quizzer_start/src/quizzer/QuizExpanded.tsx:10:5)
          at div
          at QuizView (/home/runner/work/quizzer_start/quizzer_start/src/quizzer/QuizView.tsx:9:5)
          at div
          at QuizList (/home/runner/work/quizzer_start/quizzer_start/src/quizzer/QuizList.tsx:9:5)
          at div
          at Quizzer (/home/runner/work/quizzer_start/quizzer_start/src/quizzer/Quizzer.tsx:24:35)

      at printWarning (node_modules/react-dom/cjs/react-dom.development.js:67:30)
      at error (node_modules/react-dom/cjs/react-dom.development.js:43:5)
      at warnOnInvalidKey (node_modules/react-dom/cjs/react-dom.development.js:13620:11)
      at reconcileChildrenArray (node_modules/react-dom/cjs/react-dom.development.js:13651:21)
      at reconcileChildFibers (node_modules/react-dom/cjs/react-dom.development.js:14125:14)
      at reconcileChildren (node_modules/react-dom/cjs/react-dom.development.js:16990:28)
      at updateFragment (node_modules/react-dom/cjs/react-dom.development.js:17294:3)
      at beginWork (node_modules/react-dom/cjs/react-dom.development.js:19102:14)

    console.error
      Warning: Encountered two children with the same key, `5|1937`. Keys should be unique so that components maintain their identity across updates. Non-unique keys may cause children to be duplicated and/or omitted — the behavior is unsupported and could change in a future version.
          at QuizExpanded (/home/runner/work/quizzer_start/quizzer_start/src/quizzer/QuizExpanded.tsx:10:5)
          at div
          at QuizView (/home/runner/work/quizzer_start/quizzer_start/src/quizzer/QuizView.tsx:9:5)
          at div
          at QuizList (/home/runner/work/quizzer_start/quizzer_start/src/quizzer/QuizList.tsx:9:5)
          at div
          at Quizzer (/home/runner/work/quizzer_start/quizzer_start/src/quizzer/Quizzer.tsx:24:35)

      at printWarning (node_modules/react-dom/cjs/react-dom.development.js:67:30)
      at error (node_modules/react-dom/cjs/react-dom.development.js:43:5)
      at warnOnInvalidKey (node_modules/react-dom/cjs/react-dom.development.js:13620:11)
      at reconcileChildrenArray (node_modules/react-dom/cjs/react-dom.development.js:13651:21)
      at reconcileChildFibers (node_modules/react-dom/cjs/react-dom.development.js:14125:14)
      at reconcileChildren (node_modules/react-dom/cjs/react-dom.development.js:16990:28)
      at updateFragment (node_modules/react-dom/cjs/react-dom.development.js:17294:3)
      at beginWork (node_modules/react-dom/cjs/react-dom.development.js:19102:14)

  ● Quizzer Tests › Users can select a specific quiz to see the questions, including the questions name, body, and points

    TestingLibraryElementError: Found multiple elements with the text: Exit

    Here are the matching elements:

    Ignored nodes: comments, <script />, <style />
    [36m<button[39m
      [33mclass[39m=[32m"esc_button text-align-center btn btn-danger"[39m
      [33mtype[39m=[32m"button"[39m
    [36m>[39m
      [0mExit[0m
    [36m</button>[39m

    Ignored nodes: comments, <script />, <style />
    [36m<button[39m
      [33mclass[39m=[32m"esc_button text-align-center btn btn-danger"[39m
      [33mtype[39m=[32m"button"[39m
    [36m>[39m
      [0mExit[0m
    [36m</button>[39m

    Ignored nodes: comments, <script />, <style />
    [36m<button[39m
      [33mclass[39m=[32m"esc_button text-align-center btn btn-danger"[39m
      [33mtype[39m=[32m"button"[39m
    [36m>[39m
      [0mExit[0m
    [36m</button>[39m

    Ignored nodes: comments, <script />, <style />
    [36m<button[39m
      [33mclass[39m=[32m"esc_button text-align-center btn btn-danger"[39m
      [33mtype[39m=[32m"button"[39m
    [36m>[39m
      [0mExit[0m
    [36m</button>[39m

    Ignored nodes: comments, <script />, <style />
    [36m<button[39m
      [33mclass[39m=[32m"esc_button text-align-center btn btn-danger"[39m
      [33mtype[39m=[32m"button"[39m
    [36m>[39m
      [0mExit[0m
    [36m</button>[39m

    (If this is intentional, then use the `*AllBy*` variant of the query (like `queryAllByText`, `getAllByText`, or `findAllByText`)).

    Ignored nodes: comments, <script />, <style />
    [36m<body[39m
      [33mclass[39m=[32m""[39m
      [33mstyle[39m=[32m"padding-right: 1024px;"[39m
    [36m>[39m
      [36m<div>[39m
        [36m<div[39m
          [33mclass[39m=[32m"quizzer"[39m
        [36m>[39m
          [36m<div[39m
            [33mclass[39m=[32m"quiz_list"[39m
          [36m>[39m
            [36m<div[39m
              [33mclass[39m=[32m"quiz_card"[39m
            [36m>[39m
              [36m<div[39m
                [33mclass[39m=[32m"d-flex justify-content-between align-items-center"[39m
              [36m>[39m
                [36m<div[39m
                  [33mclass[39m=[32m"d-flex align-items-baseline"[39m
                [36m>[39m
                  [36m<h1[39m
                    [33mclass[39m=[32m"title"[39m
                  [36m>[39m
                    [0mBlank_Questions[0m
                  [36m</h1>[39m
                  [36m<p>[39m
                    [0m3[0m
                    [0m question[0m
                    [0ms[0m
                  [36m</p>[39m
                [36m</div>[39m
                [36m<div>[39m
                  [36m<button[39m
                    [33mclass[39m=[32m"esc_button text-align-center btn btn-warning"[39m
                    [33mtype[39m=[32m"button"[39m
                  [36m>[39m
                    [0mEdit[0m
                  [36m</button>[39m
                  [36m<button[39m
                    [33mclass[39m=[32m"esc_button text-align-center btn btn-danger"[39m
                    [33mtype[39m=[32m"button"[39m
                  [36m>[39m
                    [0mExit[0m
                  [36m</button>[39m
                [36m</div>[39m
              [36m</div>[39m
              [36m<p[39m
                [33mclass[39m=[32m"desc"[39m
              [36m>[39m
                [0mThis quiz is full of blank questions and is not published[0m
              [36m</p>[39m
              [36m<hr />[39m
              [36m<div[39m
                [33mclass[39m=[32m"question"[39m
              [36m>[39m
                [36m<div[39m
                  [33mclass[39m=[32m"question_header"[39m
                [36m>[39m
                  [36m<h4[39m
                    [33mdata-testid[39m=[32m"question_body"[39m
                  [36m>[39m
                    [0m1[0m
                    [0m. [0m
                    [0m[0m
                  [36m</h4>[39m
                  [36m<h4>[39m
                    [0m1[0m
                    [0m pt[0m
                    [0m[0m
                  [36m</h4>[39m
                [36m</div>[39m
                [36m<div[39m
                  [33mclass[39m=[32m"answer_box"[39m
                [36m>[39m
                  [36m<div />[39m
                  [36m<div[39m
                    [33mclass[39m=[32m"sub_check"[39m
                  [36m>[39m
                    [36m<h2[39m
                      [33mclass[39m=[32m"hidden"[39m
                    [36m>[39m
                      [0m✔️[0m
                    [36m</h2>[39m
                    [36m<button[39m
                      [33mclass[39m=[32m"submit_btn btn btn-primary"[39m
                      [33mtype[39m=[32m"button"[39m
                    [36m>[39m
                      [0mSubmit[0m
                    [36m</button>[39m
                  [36m</div>[39m
                [36m</div>[39m
              [36m</div>[39m
              [36m<hr />[39m
              [36m<div[39m
                [33mclass[39m=[32m"question"[39m
              [36m>[39m
                [36m<div[39m
                  [33mclass[39m=[32m"question_header"[39m
                [36m>[39m
                  [36m<h4[39m
                    [33mdata-testid[39m=[32m"question_body"[39m
                  [36m>[39m
                    [0m2[0m
                    [0m. [0m
                    [0m[0m
                  [36m</h4>[39m
                  [36m<h4>[39m
                    [0m1[0m
                    [0m pt[0m
                    [0m[0m
                  [36m</h4>[39m
                [36m</div>[39m
                [36m<div[39m
                  [33mclass[39m=[32m"answer_box"[39m
                [36m>[39m
                  [36m<div />[39m
                  [36m<div[39m
                    [33mclass[39m=[32m"sub_check"[39m
                  [36m>[39m
                    [36m<h2[39m
                      [33mclass[39m=[32m"hidden"[39m
                    [36m>[39m
                      [0m✔️[0m
                    [36m</h2>[39m
                    [36m<button[39m
                      [33mclass[39m=[32m"submit_btn btn btn-primary"[39m
                      [33mtype[39m=[32m"button"[39m
                    [36m>[39m
                      [0mSubmit[0m
                    [36m</button>[39m
                  [36m</div>[39m
                [36m</div>[39m
              [36m</div>[39m
              [36m<hr />[39m
              [36m<div[39m
                [33mclass[39m=[32m"question"[39m
              [36m>[39m
                [36m<div[39m
                  [33mclass[39m=[32m"question_header"[39m
                [36m>[39m
                  [36m<h4[39m
                    [33mdata-testid[39m=[32m"question_body"[39m
                  [36m>[39m
                    [0m3[0m
                    [0m. [0m
                    [0m[0m
                  [36m</h4>[39m
                  [36m<h4>[39m
                    [0m1[0m
                    [0m pt[0m
                    [0m[0m
                  [36m</h4>[39m
                [36m</div>[39m
                [36m<div[39m
                  [33mclass[39m=[32m"answer_box"[39m
                [36m>[39m
                  [36m<div>[39m
                    [36m<input[39m
                      [33mclass[39m=[32m"form-control"[39m
                      [33mdata-testid[39m=[32m"select-option"[39m
                      [33mid[39m=[32m"formShortAnswerBox"[39m
                      [33mvalue[39m=[32m""[39m
                    [36m/>[39m
                  [36m</div>[39m
                  [36m<div[39m
                    [33mclass[39m=[32m"sub_check"[39m
                  [36m>[39m
                    [36m<h2[39m
                      [33mclass[39m=[32m"hidden"[39m
                    [36m>[39m
                      [0m✔️[0m
                    [36m</h2>[39m
                    [36m<button[39m
                      [33mclass[39m=[32m"submit_btn btn btn-primary"[39m
                      [33mtype[39m=[32m"button"[39m
                    [36m>[39m
                      [0mSubmit[0m
                    [36m</button>[39m
                  [36m</div>[39m
                [36m</div>[39m
              [36m</div>[39m
              [36m<hr />[39m
              [36m<div[39m
                [33mclass[39m=[32m"footer"[39m
              [36m>[39m
                [36m<button[39m
                  [33mclass[39m=[32m"btn btn-danger"[39m
                  [33mtype[39m=[32m"button"[39m
                [36m>[39m
                  [0mReset[0m
                [36m</button>[39m
                [36m<span[39m
                  [33mclass[39m=[32m"score_report"[39m
                [36m>[39m
                  [0m0[0m
                  [0m/[0m
                  [0m3[0m
                [36m</span>[39m
              [36m</div>[39m
            [36m</div>[39m
            [36m<div[39m
              [33mclass[39m=[32m"quiz_card"[39m
            [36m>[39m
              [36m<div[39m
                [33mcla...

      52 |         const text = screen.getByText("Simple_Questions");
      53 |         text.click();
    > 54 |         expect(screen.queryByText("Exit")).toBeInTheDocument();
         |                       ^
      55 |         expect(
      56 |             screen.queryByText("What is 2+2?", { exact: false })
      57 |         ).toBeInTheDocument();

      at Object.getElementError (node_modules/@testing-library/dom/dist/config.js:38:19)
      at getElementError (node_modules/@testing-library/dom/dist/query-helpers.js:25:35)
      at getMultipleElementsFoundError (node_modules/@testing-library/dom/dist/query-helpers.js:29:10)
      at node_modules/@testing-library/dom/dist/query-helpers.js:66:13
      at queryByText (node_modules/@testing-library/dom/dist/query-helpers.js:111:19)
      at Object.<anonymous> (src/quizzer/Quizzer.test.tsx:54:23)

  ● Quizzer Tests › Users can enter or choose an answer for a quiz question, and be told if they are correct

    TestingLibraryElementError: Found multiple elements with the text: Exit

    Here are the matching elements:

    Ignored nodes: comments, <script />, <style />
    [36m<button[39m
      [33mclass[39m=[32m"esc_button text-align-center btn btn-danger"[39m
      [33mtype[39m=[32m"button"[39m
    [36m>[39m
      [0mExit[0m
    [36m</button>[39m

    Ignored nodes: comments, <script />, <style />
    [36m<button[39m
      [33mclass[39m=[32m"esc_button text-align-center btn btn-danger"[39m
      [33mtype[39m=[32m"button"[39m
    [36m>[39m
      [0mExit[0m
    [36m</button>[39m

    Ignored nodes: comments, <script />, <style />
    [36m<button[39m
      [33mclass[39m=[32m"esc_button text-align-center btn btn-danger"[39m
      [33mtype[39m=[32m"button"[39m
    [36m>[39m
      [0mExit[0m
    [36m</button>[39m

    Ignored nodes: comments, <script />, <style />
    [36m<button[39m
      [33mclass[39m=[32m"esc_button text-align-center btn btn-danger"[39m
      [33mtype[39m=[32m"button"[39m
    [36m>[39m
      [0mExit[0m
    [36m</button>[39m

    Ignored nodes: comments, <script />, <style />
    [36m<button[39m
      [33mclass[39m=[32m"esc_button text-align-center btn btn-danger"[39m
      [33mtype[39m=[32m"button"[39m
    [36m>[39m
      [0mExit[0m
    [36m</button>[39m

    (If this is intentional, then use the `*AllBy*` variant of the query (like `queryAllByText`, `getAllByText`, or `findAllByText`)).

    Ignored nodes: comments, <script />, <style />
    [36m<body[39m
      [33mclass[39m=[32m""[39m
      [33mstyle[39m=[32m"padding-right: 1024px;"[39m
    [36m>[39m
      [36m<div>[39m
        [36m<div[39m
          [33mclass[39m=[32m"quizzer"[39m
        [36m>[39m
          [36m<div[39m
            [33mclass[39m=[32m"quiz_list"[39m
          [36m>[39m
            [36m<div[39m
              [33mclass[39m=[32m"quiz_card"[39m
            [36m>[39m
              [36m<div[39m
                [33mclass[39m=[32m"d-flex justify-content-between align-items-center"[39m
              [36m>[39m
                [36m<div[39m
                  [33mclass[39m=[32m"d-flex align-items-baseline"[39m
                [36m>[39m
                  [36m<h1[39m
                    [33mclass[39m=[32m"title"[39m
                  [36m>[39m
                    [0mBlank_Questions[0m
                  [36m</h1>[39m
                  [36m<p>[39m
                    [0m3[0m
                    [0m question[0m
                    [0ms[0m
                  [36m</p>[39m
                [36m</div>[39m
                [36m<div>[39m
                  [36m<button[39m
                    [33mclass[39m=[32m"esc_button text-align-center btn btn-warning"[39m
                    [33mtype[39m=[32m"button"[39m
                  [36m>[39m
                    [0mEdit[0m
                  [36m</button>[39m
                  [36m<button[39m
                    [33mclass[39m=[32m"esc_button text-align-center btn btn-danger"[39m
                    [33mtype[39m=[32m"button"[39m
                  [36m>[39m
                    [0mExit[0m
                  [36m</button>[39m
                [36m</div>[39m
              [36m</div>[39m
              [36m<p[39m
                [33mclass[39m=[32m"desc"[39m
              [36m>[39m
                [0mThis quiz is full of blank questions and is not published[0m
              [36m</p>[39m
              [36m<hr />[39m
              [36m<div[39m
                [33mclass[39m=[32m"question"[39m
              [36m>[39m
                [36m<div[39m
                  [33mclass[39m=[32m"question_header"[39m
                [36m>[39m
                  [36m<h4[39m
                    [33mdata-testid[39m=[32m"question_body"[39m
                  [36m>[39m
                    [0m1[0m
                    [0m. [0m
                    [0m[0m
                  [36m</h4>[39m
                  [36m<h4>[39m
                    [0m1[0m
                    [0m pt[0m
                    [0m[0m
                  [36m</h4>[39m
                [36m</div>[39m
                [36m<div[39m
                  [33mclass[39m=[32m"answer_box"[39m
                [36m>[39m
                  [36m<div />[39m
                  [36m<div[39m
                    [33mclass[39m=[32m"sub_check"[39m
                  [36m>[39m
                    [36m<h2[39m
                      [33mclass[39m=[32m"hidden"[39m
                    [36m>[39m
                      [0m✔️[0m
                    [36m</h2>[39m
                    [36m<button[39m
                      [33mclass[39m=[32m"submit_btn btn btn-primary"[39m
                      [33mtype[39m=[32m"button"[39m
                    [36m>[39m
                      [0mSubmit[0m
                    [36m</button>[39m
                  [36m</div>[39m
                [36m</div>[39m
              [36m</div>[39m
              [36m<hr />[39m
              [36m<div[39m
                [33mclass[39m=[32m"question"[39m
              [36m>[39m
                [36m<div[39m
                  [33mclass[39m=[32m"question_header"[39m
                [36m>[39m
                  [36m<h4[39m
                    [33mdata-testid[39m=[32m"question_body"[39m
                  [36m>[39m
                    [0m2[0m
                    [0m. [0m
                    [0m[0m
                  [36m</h4>[39m
                  [36m<h4>[39m
                    [0m1[0m
                    [0m pt[0m
                    [0m[0m
                  [36m</h4>[39m
                [36m</div>[39m
                [36m<div[39m
                  [33mclass[39m=[32m"answer_box"[39m
                [36m>[39m
                  [36m<div />[39m
                  [36m<div[39m
                    [33mclass[39m=[32m"sub_check"[39m
                  [36m>[39m
                    [36m<h2[39m
                      [33mclass[39m=[32m"hidden"[39m
                    [36m>[39m
                      [0m✔️[0m
                    [36m</h2>[39m
                    [36m<button[39m
                      [33mclass[39m=[32m"submit_btn btn btn-primary"[39m
                      [33mtype[39m=[32m"button"[39m
                    [36m>[39m
                      [0mSubmit[0m
                    [36m</button>[39m
                  [36m</div>[39m
                [36m</div>[39m
              [36m</div>[39m
              [36m<hr />[39m
              [36m<div[39m
                [33mclass[39m=[32m"question"[39m
              [36m>[39m
                [36m<div[39m
                  [33mclass[39m=[32m"question_header"[39m
                [36m>[39m
                  [36m<h4[39m
                    [33mdata-testid[39m=[32m"question_body"[39m
                  [36m>[39m
                    [0m3[0m
                    [0m. [0m
                    [0m[0m
                  [36m</h4>[39m
                  [36m<h4>[39m
                    [0m1[0m
                    [0m pt[0m
                    [0m[0m
                  [36m</h4>[39m
                [36m</div>[39m
                [36m<div[39m
                  [33mclass[39m=[32m"answer_box"[39m
                [36m>[39m
                  [36m<div>[39m
                    [36m<input[39m
                      [33mclass[39m=[32m"form-control"[39m
                      [33mdata-testid[39m=[32m"select-option"[39m
                      [33mid[39m=[32m"formShortAnswerBox"[39m
                      [33mvalue[39m=[32m""[39m
                    [36m/>[39m
                  [36m</div>[39m
                  [36m<div[39m
                    [33mclass[39m=[32m"sub_check"[39m
                  [36m>[39m
                    [36m<h2[39m
                      [33mclass[39m=[32m"hidden"[39m
                    [36m>[39m
                      [0m✔️[0m
                    [36m</h2>[39m
                    [36m<button[39m
                      [33mclass[39m=[32m"submit_btn btn btn-primary"[39m
                      [33mtype[39m=[32m"button"[39m
                    [36m>[39m
                      [0mSubmit[0m
                    [36m</button>[39m
                  [36m</div>[39m
                [36m</div>[39m
              [36m</div>[39m
              [36m<hr />[39m
              [36m<div[39m
                [33mclass[39m=[32m"footer"[39m
              [36m>[39m
                [36m<button[39m
                  [33mclass[39m=[32m"btn btn-danger"[39m
                  [33mtype[39m=[32m"button"[39m
                [36m>[39m
                  [0mReset[0m
                [36m</button>[39m
                [36m<span[39m
                  [33mclass[39m=[32m"score_report"[39m
                [36m>[39m
                  [0m0[0m
                  [0m/[0m
                  [0m3[0m
                [36m</span>[39m
              [36m</div>[39m
            [36m</div>[39m
            [36m<div[39m
              [33mclass[39m=[32m"quiz_card"[39m
            [36m>[39m
              [36m<div[39m
                [33mcla...

      76 |         const text = screen.getByText("Simple_Questions");
      77 |         text.click();
    > 78 |         expect(screen.queryByText("Exit")).toBeInTheDocument();
         |                       ^
      79 |         expect(
      80 |             screen.queryByText("What is 2+2?", { exact: false })
      81 |         ).toBeInTheDocument();

      at Object.getElementError (node_modules/@testing-library/dom/dist/config.js:38:19)
      at getElementError (node_modules/@testing-library/dom/dist/query-helpers.js:25:35)
      at getMultipleElementsFoundError (node_modules/@testing-library/dom/dist/query-helpers.js:29:10)
      at node_modules/@testing-library/dom/dist/query-helpers.js:66:13
      at queryByText (node_modules/@testing-library/dom/dist/query-helpers.js:111:19)
      at Object.<anonymous> (src/quizzer/Quizzer.test.tsx:78:23)

  ● Quizzer Tests › Users can see how many total points they have earned

    TestingLibraryElementError: Found multiple elements with the text: /\d\/\d/

    Here are the matching elements:

    Ignored nodes: comments, <script />, <style />
    [36m<span[39m
      [33mclass[39m=[32m"score_report"[39m
    [36m>[39m
      [0m0[0m
      [0m/[0m
      [0m3[0m
    [36m</span>[39m

    Ignored nodes: comments, <script />, <style />
    [36m<span[39m
      [33mclass[39m=[32m"score_report"[39m
    [36m>[39m
      [0m0[0m
      [0m/[0m
      [0m2[0m
    [36m</span>[39m

    Ignored nodes: comments, <script />, <style />
    [36m<span[39m
      [33mclass[39m=[32m"score_report"[39m
    [36m>[39m
      [0m0[0m
      [0m/[0m
      [0m0[0m
    [36m</span>[39m

    Ignored nodes: comments, <script />, <style />
    [36m<span[39m
      [33mclass[39m=[32m"score_report"[39m
    [36m>[39m
      [0m0[0m
      [0m/[0m
      [0m20[0m
    [36m</span>[39m

    Ignored nodes: comments, <script />, <style />
    [36m<span[39m
      [33mclass[39m=[32m"score_report"[39m
    [36m>[39m
      [0m0[0m
      [0m/[0m
      [0m300[0m
    [36m</span>[39m

    (If this is intentional, then use the `*AllBy*` variant of the query (like `queryAllByText`, `getAllByText`, or `findAllByText`)).

    Ignored nodes: comments, <script />, <style />
    [36m<body[39m
      [33mclass[39m=[32m""[39m
      [33mstyle[39m=[32m"padding-right: 1024px;"[39m
    [36m>[39m
      [36m<div>[39m
        [36m<div[39m
          [33mclass[39m=[32m"quizzer"[39m
        [36m>[39m
          [36m<div[39m
            [33mclass[39m=[32m"quiz_list"[39m
          [36m>[39m
            [36m<div[39m
              [33mclass[39m=[32m"quiz_card"[39m
            [36m>[39m
              [36m<div[39m
                [33mclass[39m=[32m"d-flex justify-content-between align-items-center"[39m
              [36m>[39m
                [36m<div[39m
                  [33mclass[39m=[32m"d-flex align-items-baseline"[39m
                [36m>[39m
                  [36m<h1[39m
                    [33mclass[39m=[32m"title"[39m
                  [36m>[39m
                    [0mBlank_Questions[0m
                  [36m</h1>[39m
                  [36m<p>[39m
                    [0m3[0m
                    [0m question[0m
                    [0ms[0m
                  [36m</p>[39m
                [36m</div>[39m
                [36m<div>[39m
                  [36m<button[39m
                    [33mclass[39m=[32m"esc_button text-align-center btn btn-warning"[39m
                    [33mtype[39m=[32m"button"[39m
                  [36m>[39m
                    [0mEdit[0m
                  [36m</button>[39m
                  [36m<button[39m
                    [33mclass[39m=[32m"esc_button text-align-center btn btn-danger"[39m
                    [33mtype[39m=[32m"button"[39m
                  [36m>[39m
                    [0mExit[0m
                  [36m</button>[39m
                [36m</div>[39m
              [36m</div>[39m
              [36m<p[39m
                [33mclass[39m=[32m"desc"[39m
              [36m>[39m
                [0mThis quiz is full of blank questions and is not published[0m
              [36m</p>[39m
              [36m<hr />[39m
              [36m<div[39m
                [33mclass[39m=[32m"question"[39m
              [36m>[39m
                [36m<div[39m
                  [33mclass[39m=[32m"question_header"[39m
                [36m>[39m
                  [36m<h4[39m
                    [33mdata-testid[39m=[32m"question_body"[39m
                  [36m>[39m
                    [0m1[0m
                    [0m. [0m
                    [0m[0m
                  [36m</h4>[39m
                  [36m<h4>[39m
                    [0m1[0m
                    [0m pt[0m
                    [0m[0m
                  [36m</h4>[39m
                [36m</div>[39m
                [36m<div[39m
                  [33mclass[39m=[32m"answer_box"[39m
                [36m>[39m
                  [36m<div />[39m
                  [36m<div[39m
                    [33mclass[39m=[32m"sub_check"[39m
                  [36m>[39m
                    [36m<h2[39m
                      [33mclass[39m=[32m"hidden"[39m
                    [36m>[39m
                      [0m✔️[0m
                    [36m</h2>[39m
                    [36m<button[39m
                      [33mclass[39m=[32m"submit_btn btn btn-primary"[39m
                      [33mtype[39m=[32m"button"[39m
                    [36m>[39m
                      [0mSubmit[0m
                    [36m</button>[39m
                  [36m</div>[39m
                [36m</div>[39m
              [36m</div>[39m
              [36m<hr />[39m
              [36m<div[39m
                [33mclass[39m=[32m"question"[39m
              [36m>[39m
                [36m<div[39m
                  [33mclass[39m=[32m"question_header"[39m
                [36m>[39m
                  [36m<h4[39m
                    [33mdata-testid[39m=[32m"question_body"[39m
                  [36m>[39m
                    [0m2[0m
                    [0m. [0m
                    [0m[0m
                  [36m</h4>[39m
                  [36m<h4>[39m
                    [0m1[0m
                    [0m pt[0m
                    [0m[0m
                  [36m</h4>[39m
                [36m</div>[39m
                [36m<div[39m
                  [33mclass[39m=[32m"answer_box"[39m
                [36m>[39m
                  [36m<div />[39m
                  [36m<div[39m
                    [33mclass[39m=[32m"sub_check"[39m
                  [36m>[39m
                    [36m<h2[39m
                      [33mclass[39m=[32m"hidden"[39m
                    [36m>[39m
                      [0m✔️[0m
                    [36m</h2>[39m
                    [36m<button[39m
                      [33mclass[39m=[32m"submit_btn btn btn-primary"[39m
                      [33mtype[39m=[32m"button"[39m
                    [36m>[39m
                      [0mSubmit[0m
                    [36m</button>[39m
                  [36m</div>[39m
                [36m</div>[39m
              [36m</div>[39m
              [36m<hr />[39m
              [36m<div[39m
                [33mclass[39m=[32m"question"[39m
              [36m>[39m
                [36m<div[39m
                  [33mclass[39m=[32m"question_header"[39m
                [36m>[39m
                  [36m<h4[39m
                    [33mdata-testid[39m=[32m"question_body"[39m
                  [36m>[39m
                    [0m3[0m
                    [0m. [0m
                    [0m[0m
                  [36m</h4>[39m
                  [36m<h4>[39m
                    [0m1[0m
                    [0m pt[0m
                    [0m[0m
                  [36m</h4>[39m
                [36m</div>[39m
                [36m<div[39m
                  [33mclass[39m=[32m"answer_box"[39m
                [36m>[39m
                  [36m<div>[39m
                    [36m<input[39m
                      [33mclass[39m=[32m"form-control"[39m
                      [33mdata-testid[39m=[32m"select-option"[39m
                      [33mid[39m=[32m"formShortAnswerBox"[39m
                      [33mvalue[39m=[32m""[39m
                    [36m/>[39m
                  [36m</div>[39m
                  [36m<div[39m
                    [33mclass[39m=[32m"sub_check"[39m
                  [36m>[39m
                    [36m<h2[39m
                      [33mclass[39m=[32m"hidden"[39m
                    [36m>[39m
                      [0m✔️[0m
                    [36m</h2>[39m
                    [36m<button[39m
                      [33mclass[39m=[32m"submit_btn btn btn-primary"[39m
                      [33mtype[39m=[32m"button"[39m
                    [36m>[39m
                      [0mSubmit[0m
                    [36m</button>[39m
                  [36m</div>[39m
                [36m</div>[39m
              [36m</div>[39m
              [36m<hr />[39m
              [36m<div[39m
                [33mclass[39m=[32m"footer"[39m
              [36m>[39m
                [36m<button[39m
                  [33mclass[39m=[32m"btn btn-danger"[39m
                  [33mtype[39m=[32m"button"[39m
                [36m>[39m
                  [0mReset[0m
                [36m</button>[39m
                [36m<span[39m
                  [33mclass[39m=[32m"score_report"[39m
                [36m>[39m
                  [0m0[0m
                  [0m/[0m
                  [0m3[0m
                [36m</span>[39m
              [36m</div>[39m
            [36m</div>[39m
            [36m<div[39m
              [33mclass[39m=[32m"quiz_card"[39m
            [36m>[39m
              [36m<div[39m
                [33mcla...

      91 |         const text = screen.getByText("Simple_Questions");
      92 |         text.click();
    > 93 |         expect(screen.queryByText(/\d\/\d/)).toBeInTheDocument();
         |                       ^
      94 |     });
      95 |
      96 |     test("Users can clear out their existing answers for a quiz", () => {

      at Object.getElementError (node_modules/@testing-library/dom/dist/config.js:38:19)
      at getElementError (node_modules/@testing-library/dom/dist/query-helpers.js:25:35)
      at getMultipleElementsFoundError (node_modules/@testing-library/dom/dist/query-helpers.js:29:10)
      at node_modules/@testing-library/dom/dist/query-helpers.js:66:13
      at queryByText (node_modules/@testing-library/dom/dist/query-helpers.js:111:19)
      at Object.<anonymous> (src/quizzer/Quizzer.test.tsx:93:23)

  ● Quizzer Tests › Users can clear out their existing answers for a quiz

    TestingLibraryElementError: Found multiple elements with the text: Exit

    Here are the matching elements:

    Ignored nodes: comments, <script />, <style />
    [36m<button[39m
      [33mclass[39m=[32m"esc_button text-align-center btn btn-danger"[39m
      [33mtype[39m=[32m"button"[39m
    [36m>[39m
      [0mExit[0m
    [36m</button>[39m

    Ignored nodes: comments, <script />, <style />
    [36m<button[39m
      [33mclass[39m=[32m"esc_button text-align-center btn btn-danger"[39m
      [33mtype[39m=[32m"button"[39m
    [36m>[39m
      [0mExit[0m
    [36m</button>[39m

    Ignored nodes: comments, <script />, <style />
    [36m<button[39m
      [33mclass[39m=[32m"esc_button text-align-center btn btn-danger"[39m
      [33mtype[39m=[32m"button"[39m
    [36m>[39m
      [0mExit[0m
    [36m</button>[39m

    Ignored nodes: comments, <script />, <style />
    [36m<button[39m
      [33mclass[39m=[32m"esc_button text-align-center btn btn-danger"[39m
      [33mtype[39m=[32m"button"[39m
    [36m>[39m
      [0mExit[0m
    [36m</button>[39m

    Ignored nodes: comments, <script />, <style />
    [36m<button[39m
      [33mclass[39m=[32m"esc_button text-align-center btn btn-danger"[39m
      [33mtype[39m=[32m"button"[39m
    [36m>[39m
      [0mExit[0m
    [36m</button>[39m

    (If this is intentional, then use the `*AllBy*` variant of the query (like `queryAllByText`, `getAllByText`, or `findAllByText`)).

    Ignored nodes: comments, <script />, <style />
    [36m<body[39m
      [33mclass[39m=[32m""[39m
      [33mstyle[39m=[32m"padding-right: 1024px;"[39m
    [36m>[39m
      [36m<div>[39m
        [36m<div[39m
          [33mclass[39m=[32m"quizzer"[39m
        [36m>[39m
          [36m<div[39m
            [33mclass[39m=[32m"quiz_list"[39m
          [36m>[39m
            [36m<div[39m
              [33mclass[39m=[32m"quiz_card"[39m
            [36m>[39m
              [36m<div[39m
                [33mclass[39m=[32m"d-flex justify-content-between align-items-center"[39m
              [36m>[39m
                [36m<div[39m
                  [33mclass[39m=[32m"d-flex align-items-baseline"[39m
                [36m>[39m
                  [36m<h1[39m
                    [33mclass[39m=[32m"title"[39m
                  [36m>[39m
                    [0mBlank_Questions[0m
                  [36m</h1>[39m
                  [36m<p>[39m
                    [0m3[0m
                    [0m question[0m
                    [0ms[0m
                  [36m</p>[39m
                [36m</div>[39m
                [36m<div>[39m
                  [36m<button[39m
                    [33mclass[39m=[32m"esc_button text-align-center btn btn-warning"[39m
                    [33mtype[39m=[32m"button"[39m
                  [36m>[39m
                    [0mEdit[0m
                  [36m</button>[39m
                  [36m<button[39m
                    [33mclass[39m=[32m"esc_button text-align-center btn btn-danger"[39m
                    [33mtype[39m=[32m"button"[39m
                  [36m>[39m
                    [0mExit[0m
                  [36m</button>[39m
                [36m</div>[39m
              [36m</div>[39m
              [36m<p[39m
                [33mclass[39m=[32m"desc"[39m
              [36m>[39m
                [0mThis quiz is full of blank questions and is not published[0m
              [36m</p>[39m
              [36m<hr />[39m
              [36m<div[39m
                [33mclass[39m=[32m"question"[39m
              [36m>[39m
                [36m<div[39m
                  [33mclass[39m=[32m"question_header"[39m
                [36m>[39m
                  [36m<h4[39m
                    [33mdata-testid[39m=[32m"question_body"[39m
                  [36m>[39m
                    [0m1[0m
                    [0m. [0m
                    [0m[0m
                  [36m</h4>[39m
                  [36m<h4>[39m
                    [0m1[0m
                    [0m pt[0m
                    [0m[0m
                  [36m</h4>[39m
                [36m</div>[39m
                [36m<div[39m
                  [33mclass[39m=[32m"answer_box"[39m
                [36m>[39m
                  [36m<div />[39m
                  [36m<div[39m
                    [33mclass[39m=[32m"sub_check"[39m
                  [36m>[39m
                    [36m<h2[39m
                      [33mclass[39m=[32m"hidden"[39m
                    [36m>[39m
                      [0m✔️[0m
                    [36m</h2>[39m
                    [36m<button[39m
                      [33mclass[39m=[32m"submit_btn btn btn-primary"[39m
                      [33mtype[39m=[32m"button"[39m
                    [36m>[39m
                      [0mSubmit[0m
                    [36m</button>[39m
                  [36m</div>[39m
                [36m</div>[39m
              [36m</div>[39m
              [36m<hr />[39m
              [36m<div[39m
                [33mclass[39m=[32m"question"[39m
              [36m>[39m
                [36m<div[39m
                  [33mclass[39m=[32m"question_header"[39m
                [36m>[39m
                  [36m<h4[39m
                    [33mdata-testid[39m=[32m"question_body"[39m
                  [36m>[39m
                    [0m2[0m
                    [0m. [0m
                    [0m[0m
                  [36m</h4>[39m
                  [36m<h4>[39m
                    [0m1[0m
                    [0m pt[0m
                    [0m[0m
                  [36m</h4>[39m
                [36m</div>[39m
                [36m<div[39m
                  [33mclass[39m=[32m"answer_box"[39m
                [36m>[39m
                  [36m<div />[39m
                  [36m<div[39m
                    [33mclass[39m=[32m"sub_check"[39m
                  [36m>[39m
                    [36m<h2[39m
                      [33mclass[39m=[32m"hidden"[39m
                    [36m>[39m
                      [0m✔️[0m
                    [36m</h2>[39m
                    [36m<button[39m
                      [33mclass[39m=[32m"submit_btn btn btn-primary"[39m
                      [33mtype[39m=[32m"button"[39m
                    [36m>[39m
                      [0mSubmit[0m
                    [36m</button>[39m
                  [36m</div>[39m
                [36m</div>[39m
              [36m</div>[39m
              [36m<hr />[39m
              [36m<div[39m
                [33mclass[39m=[32m"question"[39m
              [36m>[39m
                [36m<div[39m
                  [33mclass[39m=[32m"question_header"[39m
                [36m>[39m
                  [36m<h4[39m
                    [33mdata-testid[39m=[32m"question_body"[39m
                  [36m>[39m
                    [0m3[0m
                    [0m. [0m
                    [0m[0m
                  [36m</h4>[39m
                  [36m<h4>[39m
                    [0m1[0m
                    [0m pt[0m
                    [0m[0m
                  [36m</h4>[39m
                [36m</div>[39m
                [36m<div[39m
                  [33mclass[39m=[32m"answer_box"[39m
                [36m>[39m
                  [36m<div>[39m
                    [36m<input[39m
                      [33mclass[39m=[32m"form-control"[39m
                      [33mdata-testid[39m=[32m"select-option"[39m
                      [33mid[39m=[32m"formShortAnswerBox"[39m
                      [33mvalue[39m=[32m""[39m
                    [36m/>[39m
                  [36m</div>[39m
                  [36m<div[39m
                    [33mclass[39m=[32m"sub_check"[39m
                  [36m>[39m
                    [36m<h2[39m
                      [33mclass[39m=[32m"hidden"[39m
                    [36m>[39m
                      [0m✔️[0m
                    [36m</h2>[39m
                    [36m<button[39m
                      [33mclass[39m=[32m"submit_btn btn btn-primary"[39m
                      [33mtype[39m=[32m"button"[39m
                    [36m>[39m
                      [0mSubmit[0m
                    [36m</button>[39m
                  [36m</div>[39m
                [36m</div>[39m
              [36m</div>[39m
              [36m<hr />[39m
              [36m<div[39m
                [33mclass[39m=[32m"footer"[39m
              [36m>[39m
                [36m<button[39m
                  [33mclass[39m=[32m"btn btn-danger"[39m
                  [33mtype[39m=[32m"button"[39m
                [36m>[39m
                  [0mReset[0m
                [36m</button>[39m
                [36m<span[39m
                  [33mclass[39m=[32m"score_report"[39m
                [36m>[39m
                  [0m0[0m
                  [0m/[0m
                  [0m3[0m
                [36m</span>[39m
              [36m</div>[39m
            [36m</div>[39m
            [36m<div[39m
              [33mclass[39m=[32m"quiz_card"[39m
            [36m>[39m
              [36m<div[39m
                [33mcla...

       97 |         const text = screen.getByText("Simple_Questions");
       98 |         text.click();
    >  99 |         expect(screen.queryByText("Exit")).toBeInTheDocument();
          |                       ^
      100 |         expect(
      101 |             screen.queryByText("What is 2+2?", { exact: false })
      102 |         ).toBeInTheDocument();

      at Object.getElementError (node_modules/@testing-library/dom/dist/config.js:38:19)
      at getElementError (node_modules/@testing-library/dom/dist/query-helpers.js:25:35)
      at getMultipleElementsFoundError (node_modules/@testing-library/dom/dist/query-helpers.js:29:10)
      at node_modules/@testing-library/dom/dist/query-helpers.js:66:13
      at queryByText (node_modules/@testing-library/dom/dist/query-helpers.js:111:19)
      at Object.<anonymous> (src/quizzer/Quizzer.test.tsx:99:23)

  ● Quizzer Tests › Users can publish or unpublish a question

    TestingLibraryElementError: Found multiple elements with the text: Edit

    Here are the matching elements:

    Ignored nodes: comments, <script />, <style />
    [36m<button[39m
      [33mclass[39m=[32m"esc_button text-align-center btn btn-warning"[39m
      [33mtype[39m=[32m"button"[39m
    [36m>[39m
      [0mEdit[0m
    [36m</button>[39m

    Ignored nodes: comments, <script />, <style />
    [36m<button[39m
      [33mclass[39m=[32m"esc_button text-align-center btn btn-warning"[39m
      [33mtype[39m=[32m"button"[39m
    [36m>[39m
      [0mEdit[0m
    [36m</button>[39m

    Ignored nodes: comments, <script />, <style />
    [36m<button[39m
      [33mclass[39m=[32m"esc_button text-align-center btn btn-warning"[39m
      [33mtype[39m=[32m"button"[39m
    [36m>[39m
      [0mEdit[0m
    [36m</button>[39m

    Ignored nodes: comments, <script />, <style />
    [36m<button[39m
      [33mclass[39m=[32m"esc_button text-align-center btn btn-warning"[39m
      [33mtype[39m=[32m"button"[39m
    [36m>[39m
      [0mEdit[0m
    [36m</button>[39m

    Ignored nodes: comments, <script />, <style />
    [36m<button[39m
      [33mclass[39m=[32m"esc_button text-align-center btn btn-warning"[39m
      [33mtype[39m=[32m"button"[39m
    [36m>[39m
      [0mEdit[0m
    [36m</button>[39m

    (If this is intentional, then use the `*AllBy*` variant of the query (like `queryAllByText`, `getAllByText`, or `findAllByText`)).

    Ignored nodes: comments, <script />, <style />
    [36m<body[39m
      [33mclass[39m=[32m""[39m
      [33mstyle[39m=[32m"padding-right: 1024px;"[39m
    [36m>[39m
      [36m<div>[39m
        [36m<div[39m
          [33mclass[39m=[32m"quizzer"[39m
        [36m>[39m
          [36m<div[39m
            [33mclass[39m=[32m"quiz_list"[39m
          [36m>[39m
            [36m<div[39m
              [33mclass[39m=[32m"quiz_card"[39m
            [36m>[39m
              [36m<div[39m
                [33mclass[39m=[32m"d-flex justify-content-between align-items-center"[39m
              [36m>[39m
                [36m<div[39m
                  [33mclass[39m=[32m"d-flex align-items-baseline"[39m
                [36m>[39m
                  [36m<h1[39m
                    [33mclass[39m=[32m"title"[39m
                  [36m>[39m
                    [0mBlank_Questions[0m
                  [36m</h1>[39m
                  [36m<p>[39m
                    [0m3[0m
                    [0m question[0m
                    [0ms[0m
                  [36m</p>[39m
                [36m</div>[39m
                [36m<div>[39m
                  [36m<button[39m
                    [33mclass[39m=[32m"esc_button text-align-center btn btn-warning"[39m
                    [33mtype[39m=[32m"button"[39m
                  [36m>[39m
                    [0mEdit[0m
                  [36m</button>[39m
                  [36m<button[39m
                    [33mclass[39m=[32m"esc_button text-align-center btn btn-danger"[39m
                    [33mtype[39m=[32m"button"[39m
                  [36m>[39m
                    [0mExit[0m
                  [36m</button>[39m
                [36m</div>[39m
              [36m</div>[39m
              [36m<p[39m
                [33mclass[39m=[32m"desc"[39m
              [36m>[39m
                [0mThis quiz is full of blank questions and is not published[0m
              [36m</p>[39m
              [36m<hr />[39m
              [36m<div[39m
                [33mclass[39m=[32m"question"[39m
              [36m>[39m
                [36m<div[39m
                  [33mclass[39m=[32m"question_header"[39m
                [36m>[39m
                  [36m<h4[39m
                    [33mdata-testid[39m=[32m"question_body"[39m
                  [36m>[39m
                    [0m1[0m
                    [0m. [0m
                    [0m[0m
                  [36m</h4>[39m
                  [36m<h4>[39m
                    [0m1[0m
                    [0m pt[0m
                    [0m[0m
                  [36m</h4>[39m
                [36m</div>[39m
                [36m<div[39m
                  [33mclass[39m=[32m"answer_box"[39m
                [36m>[39m
                  [36m<div />[39m
                  [36m<div[39m
                    [33mclass[39m=[32m"sub_check"[39m
                  [36m>[39m
                    [36m<h2[39m
                      [33mclass[39m=[32m"hidden"[39m
                    [36m>[39m
                      [0m✔️[0m
                    [36m</h2>[39m
                    [36m<button[39m
                      [33mclass[39m=[32m"submit_btn btn btn-primary"[39m
                      [33mtype[39m=[32m"button"[39m
                    [36m>[39m
                      [0mSubmit[0m
                    [36m</button>[39m
                  [36m</div>[39m
                [36m</div>[39m
              [36m</div>[39m
              [36m<hr />[39m
              [36m<div[39m
                [33mclass[39m=[32m"question"[39m
              [36m>[39m
                [36m<div[39m
                  [33mclass[39m=[32m"question_header"[39m
                [36m>[39m
                  [36m<h4[39m
                    [33mdata-testid[39m=[32m"question_body"[39m
                  [36m>[39m
                    [0m2[0m
                    [0m. [0m
                    [0m[0m
                  [36m</h4>[39m
                  [36m<h4>[39m
                    [0m1[0m
                    [0m pt[0m
                    [0m[0m
                  [36m</h4>[39m
                [36m</div>[39m
                [36m<div[39m
                  [33mclass[39m=[32m"answer_box"[39m
                [36m>[39m
                  [36m<div />[39m
                  [36m<div[39m
                    [33mclass[39m=[32m"sub_check"[39m
                  [36m>[39m
                    [36m<h2[39m
                      [33mclass[39m=[32m"hidden"[39m
                    [36m>[39m
                      [0m✔️[0m
                    [36m</h2>[39m
                    [36m<button[39m
                      [33mclass[39m=[32m"submit_btn btn btn-primary"[39m
                      [33mtype[39m=[32m"button"[39m
                    [36m>[39m
                      [0mSubmit[0m
                    [36m</button>[39m
                  [36m</div>[39m
                [36m</div>[39m
              [36m</div>[39m
              [36m<hr />[39m
              [36m<div[39m
                [33mclass[39m=[32m"question"[39m
              [36m>[39m
                [36m<div[39m
                  [33mclass[39m=[32m"question_header"[39m
                [36m>[39m
                  [36m<h4[39m
                    [33mdata-testid[39m=[32m"question_body"[39m
                  [36m>[39m
                    [0m3[0m
                    [0m. [0m
                    [0m[0m
                  [36m</h4>[39m
                  [36m<h4>[39m
                    [0m1[0m
                    [0m pt[0m
                    [0m[0m
                  [36m</h4>[39m
                [36m</div>[39m
                [36m<div[39m
                  [33mclass[39m=[32m"answer_box"[39m
                [36m>[39m
                  [36m<div>[39m
                    [36m<input[39m
                      [33mclass[39m=[32m"form-control"[39m
                      [33mdata-testid[39m=[32m"select-option"[39m
                      [33mid[39m=[32m"formShortAnswerBox"[39m
                      [33mvalue[39m=[32m""[39m
                    [36m/>[39m
                  [36m</div>[39m
                  [36m<div[39m
                    [33mclass[39m=[32m"sub_check"[39m
                  [36m>[39m
                    [36m<h2[39m
                      [33mclass[39m=[32m"hidden"[39m
                    [36m>[39m
                      [0m✔️[0m
                    [36m</h2>[39m
                    [36m<button[39m
                      [33mclass[39m=[32m"submit_btn btn btn-primary"[39m
                      [33mtype[39m=[32m"button"[39m
                    [36m>[39m
                      [0mSubmit[0m
                    [36m</button>[39m
                  [36m</div>[39m
                [36m</div>[39m
              [36m</div>[39m
              [36m<hr />[39m
              [36m<div[39m
                [33mclass[39m=[32m"footer"[39m
              [36m>[39m
                [36m<button[39m
                  [33mclass[39m=[32m"btn btn-danger"[39m
                  [33mtype[39m=[32m"button"[39m
                [36m>[39m
                  [0mReset[0m
                [36m</button>[39m
                [36m<span[39m
                  [33mclass[39m=[32m"score_report"[39m
                [36m>[39m
                  [0m0[0m
                  [0m/[0m
                  [0m3[0m
                [36m</span>[39m
              [36m</div>[39m
            [36m</div>[39m
            [36m<div[39m
              [33mclass[39m=[32m"quiz_card"[39m
            [36m>[39m
              [36m<div[39m
                [33mcla...

      119 |         const text = screen.getByText("Simple_Questions");
      120 |         text.click();
    > 121 |         const editButton = screen.getByText("Edit");
          |                                   ^
      122 |         editButton.click();
      123 |
      124 |         const publishedCheck = screen.getAllByTestId(

      at Object.getElementError (node_modules/@testing-library/dom/dist/config.js:38:19)
      at getElementError (node_modules/@testing-library/dom/dist/query-helpers.js:25:35)
      at getMultipleElementsFoundError (node_modules/@testing-library/dom/dist/query-helpers.js:29:10)
      at node_modules/@testing-library/dom/dist/query-helpers.js:66:13
      at getByText (node_modules/@testing-library/dom/dist/query-helpers.js:111:19)
      at Object.<anonymous> (src/quizzer/Quizzer.test.tsx:121:35)

  ● Quizzer Tests › Users can filter the questions in a list so that only published questions are shown

    TestingLibraryElementError: Found multiple elements with the text: Edit

    Here are the matching elements:

    Ignored nodes: comments, <script />, <style />
    [36m<button[39m
      [33mclass[39m=[32m"esc_button text-align-center btn btn-warning"[39m
      [33mtype[39m=[32m"button"[39m
    [36m>[39m
      [0mEdit[0m
    [36m</button>[39m

    Ignored nodes: comments, <script />, <style />
    [36m<button[39m
      [33mclass[39m=[32m"esc_button text-align-center btn btn-warning"[39m
      [33mtype[39m=[32m"button"[39m
    [36m>[39m
      [0mEdit[0m
    [36m</button>[39m

    Ignored nodes: comments, <script />, <style />
    [36m<button[39m
      [33mclass[39m=[32m"esc_button text-align-center btn btn-warning"[39m
      [33mtype[39m=[32m"button"[39m
    [36m>[39m
      [0mEdit[0m
    [36m</button>[39m

    Ignored nodes: comments, <script />, <style />
    [36m<button[39m
      [33mclass[39m=[32m"esc_button text-align-center btn btn-warning"[39m
      [33mtype[39m=[32m"button"[39m
    [36m>[39m
      [0mEdit[0m
    [36m</button>[39m

    Ignored nodes: comments, <script />, <style />
    [36m<button[39m
      [33mclass[39m=[32m"esc_button text-align-center btn btn-warning"[39m
      [33mtype[39m=[32m"button"[39m
    [36m>[39m
      [0mEdit[0m
    [36m</button>[39m

    (If this is intentional, then use the `*AllBy*` variant of the query (like `queryAllByText`, `getAllByText`, or `findAllByText`)).

    Ignored nodes: comments, <script />, <style />
    [36m<body[39m
      [33mclass[39m=[32m""[39m
      [33mstyle[39m=[32m"padding-right: 1024px;"[39m
    [36m>[39m
      [36m<div>[39m
        [36m<div[39m
          [33mclass[39m=[32m"quizzer"[39m
        [36m>[39m
          [36m<div[39m
            [33mclass[39m=[32m"quiz_list"[39m
          [36m>[39m
            [36m<div[39m
              [33mclass[39m=[32m"quiz_card"[39m
            [36m>[39m
              [36m<div[39m
                [33mclass[39m=[32m"d-flex justify-content-between align-items-center"[39m
              [36m>[39m
                [36m<div[39m
                  [33mclass[39m=[32m"d-flex align-items-baseline"[39m
                [36m>[39m
                  [36m<h1[39m
                    [33mclass[39m=[32m"title"[39m
                  [36m>[39m
                    [0mBlank_Questions[0m
                  [36m</h1>[39m
                  [36m<p>[39m
                    [0m3[0m
                    [0m question[0m
                    [0ms[0m
                  [36m</p>[39m
                [36m</div>[39m
                [36m<div>[39m
                  [36m<button[39m
                    [33mclass[39m=[32m"esc_button text-align-center btn btn-warning"[39m
                    [33mtype[39m=[32m"button"[39m
                  [36m>[39m
                    [0mEdit[0m
                  [36m</button>[39m
                  [36m<button[39m
                    [33mclass[39m=[32m"esc_button text-align-center btn btn-danger"[39m
                    [33mtype[39m=[32m"button"[39m
                  [36m>[39m
                    [0mExit[0m
                  [36m</button>[39m
                [36m</div>[39m
              [36m</div>[39m
              [36m<p[39m
                [33mclass[39m=[32m"desc"[39m
              [36m>[39m
                [0mThis quiz is full of blank questions and is not published[0m
              [36m</p>[39m
              [36m<hr />[39m
              [36m<div[39m
                [33mclass[39m=[32m"question"[39m
              [36m>[39m
                [36m<div[39m
                  [33mclass[39m=[32m"question_header"[39m
                [36m>[39m
                  [36m<h4[39m
                    [33mdata-testid[39m=[32m"question_body"[39m
                  [36m>[39m
                    [0m1[0m
                    [0m. [0m
                    [0m[0m
                  [36m</h4>[39m
                  [36m<h4>[39m
                    [0m1[0m
                    [0m pt[0m
                    [0m[0m
                  [36m</h4>[39m
                [36m</div>[39m
                [36m<div[39m
                  [33mclass[39m=[32m"answer_box"[39m
                [36m>[39m
                  [36m<div />[39m
                  [36m<div[39m
                    [33mclass[39m=[32m"sub_check"[39m
                  [36m>[39m
                    [36m<h2[39m
                      [33mclass[39m=[32m"hidden"[39m
                    [36m>[39m
                      [0m✔️[0m
                    [36m</h2>[39m
                    [36m<button[39m
                      [33mclass[39m=[32m"submit_btn btn btn-primary"[39m
                      [33mtype[39m=[32m"button"[39m
                    [36m>[39m
                      [0mSubmit[0m
                    [36m</button>[39m
                  [36m</div>[39m
                [36m</div>[39m
              [36m</div>[39m
              [36m<hr />[39m
              [36m<div[39m
                [33mclass[39m=[32m"question"[39m
              [36m>[39m
                [36m<div[39m
                  [33mclass[39m=[32m"question_header"[39m
                [36m>[39m
                  [36m<h4[39m
                    [33mdata-testid[39m=[32m"question_body"[39m
                  [36m>[39m
                    [0m2[0m
                    [0m. [0m
                    [0m[0m
                  [36m</h4>[39m
                  [36m<h4>[39m
                    [0m1[0m
                    [0m pt[0m
                    [0m[0m
                  [36m</h4>[39m
                [36m</div>[39m
                [36m<div[39m
                  [33mclass[39m=[32m"answer_box"[39m
                [36m>[39m
                  [36m<div />[39m
                  [36m<div[39m
                    [33mclass[39m=[32m"sub_check"[39m
                  [36m>[39m
                    [36m<h2[39m
                      [33mclass[39m=[32m"hidden"[39m
                    [36m>[39m
                      [0m✔️[0m
                    [36m</h2>[39m
                    [36m<button[39m
                      [33mclass[39m=[32m"submit_btn btn btn-primary"[39m
                      [33mtype[39m=[32m"button"[39m
                    [36m>[39m
                      [0mSubmit[0m
                    [36m</button>[39m
                  [36m</div>[39m
                [36m</div>[39m
              [36m</div>[39m
              [36m<hr />[39m
              [36m<div[39m
                [33mclass[39m=[32m"question"[39m
              [36m>[39m
                [36m<div[39m
                  [33mclass[39m=[32m"question_header"[39m
                [36m>[39m
                  [36m<h4[39m
                    [33mdata-testid[39m=[32m"question_body"[39m
                  [36m>[39m
                    [0m3[0m
                    [0m. [0m
                    [0m[0m
                  [36m</h4>[39m
                  [36m<h4>[39m
                    [0m1[0m
                    [0m pt[0m
                    [0m[0m
                  [36m</h4>[39m
                [36m</div>[39m
                [36m<div[39m
                  [33mclass[39m=[32m"answer_box"[39m
                [36m>[39m
                  [36m<div>[39m
                    [36m<input[39m
                      [33mclass[39m=[32m"form-control"[39m
                      [33mdata-testid[39m=[32m"select-option"[39m
                      [33mid[39m=[32m"formShortAnswerBox"[39m
                      [33mvalue[39m=[32m""[39m
                    [36m/>[39m
                  [36m</div>[39m
                  [36m<div[39m
                    [33mclass[39m=[32m"sub_check"[39m
                  [36m>[39m
                    [36m<h2[39m
                      [33mclass[39m=[32m"hidden"[39m
                    [36m>[39m
                      [0m✔️[0m
                    [36m</h2>[39m
                    [36m<button[39m
                      [33mclass[39m=[32m"submit_btn btn btn-primary"[39m
                      [33mtype[39m=[32m"button"[39m
                    [36m>[39m
                      [0mSubmit[0m
                    [36m</button>[39m
                  [36m</div>[39m
                [36m</div>[39m
              [36m</div>[39m
              [36m<hr />[39m
              [36m<div[39m
                [33mclass[39m=[32m"footer"[39m
              [36m>[39m
                [36m<button[39m
                  [33mclass[39m=[32m"btn btn-danger"[39m
                  [33mtype[39m=[32m"button"[39m
                [36m>[39m
                  [0mReset[0m
                [36m</button>[39m
                [36m<span[39m
                  [33mclass[39m=[32m"score_report"[39m
                [36m>[39m
                  [0m0[0m
                  [0m/[0m
                  [0m3[0m
                [36m</span>[39m
              [36m</div>[39m
            [36m</div>[39m
            [36m<div[39m
              [33mclass[39m=[32m"quiz_card"[39m
            [36m>[39m
              [36m<div[39m
                [33mcla...

      141 |         const text = screen.getByText("Simple_Questions");
      142 |         text.click();
    > 143 |         const editButton = screen.getByText("Edit");
          |                                   ^
      144 |         editButton.click();
      145 |
      146 |         const quizPublished = screen.getByTestId("Quiz Published");

      at Object.getElementError (node_modules/@testing-library/dom/dist/config.js:38:19)
      at getElementError (node_modules/@testing-library/dom/dist/query-helpers.js:25:35)
      at getMultipleElementsFoundError (node_modules/@testing-library/dom/dist/query-helpers.js:29:10)
      at node_modules/@testing-library/dom/dist/query-helpers.js:66:13
      at getByText (node_modules/@testing-library/dom/dist/query-helpers.js:111:19)
      at Object.<anonymous> (src/quizzer/Quizzer.test.tsx:143:35)

  ● Quizzer Tests › Users can delete an existing quiz

    TestingLibraryElementError: Found multiple elements with the text: Edit

    Here are the matching elements:

    Ignored nodes: comments, <script />, <style />
    [36m<button[39m
      [33mclass[39m=[32m"esc_button text-align-center btn btn-warning"[39m
      [33mtype[39m=[32m"button"[39m
    [36m>[39m
      [0mEdit[0m
    [36m</button>[39m

    Ignored nodes: comments, <script />, <style />
    [36m<button[39m
      [33mclass[39m=[32m"esc_button text-align-center btn btn-warning"[39m
      [33mtype[39m=[32m"button"[39m
    [36m>[39m
      [0mEdit[0m
    [36m</button>[39m

    Ignored nodes: comments, <script />, <style />
    [36m<button[39m
      [33mclass[39m=[32m"esc_button text-align-center btn btn-warning"[39m
      [33mtype[39m=[32m"button"[39m
    [36m>[39m
      [0mEdit[0m
    [36m</button>[39m

    Ignored nodes: comments, <script />, <style />
    [36m<button[39m
      [33mclass[39m=[32m"esc_button text-align-center btn btn-warning"[39m
      [33mtype[39m=[32m"button"[39m
    [36m>[39m
      [0mEdit[0m
    [36m</button>[39m

    Ignored nodes: comments, <script />, <style />
    [36m<button[39m
      [33mclass[39m=[32m"esc_button text-align-center btn btn-warning"[39m
      [33mtype[39m=[32m"button"[39m
    [36m>[39m
      [0mEdit[0m
    [36m</button>[39m

    (If this is intentional, then use the `*AllBy*` variant of the query (like `queryAllByText`, `getAllByText`, or `findAllByText`)).

    Ignored nodes: comments, <script />, <style />
    [36m<body[39m
      [33mclass[39m=[32m""[39m
      [33mstyle[39m=[32m"padding-right: 1024px;"[39m
    [36m>[39m
      [36m<div>[39m
        [36m<div[39m
          [33mclass[39m=[32m"quizzer"[39m
        [36m>[39m
          [36m<div[39m
            [33mclass[39m=[32m"quiz_list"[39m
          [36m>[39m
            [36m<div[39m
              [33mclass[39m=[32m"quiz_card"[39m
            [36m>[39m
              [36m<div[39m
                [33mclass[39m=[32m"d-flex justify-content-between align-items-center"[39m
              [36m>[39m
                [36m<div[39m
                  [33mclass[39m=[32m"d-flex align-items-baseline"[39m
                [36m>[39m
                  [36m<h1[39m
                    [33mclass[39m=[32m"title"[39m
                  [36m>[39m
                    [0mBlank_Questions[0m
                  [36m</h1>[39m
                  [36m<p>[39m
                    [0m3[0m
                    [0m question[0m
                    [0ms[0m
                  [36m</p>[39m
                [36m</div>[39m
                [36m<div>[39m
                  [36m<button[39m
                    [33mclass[39m=[32m"esc_button text-align-center btn btn-warning"[39m
                    [33mtype[39m=[32m"button"[39m
                  [36m>[39m
                    [0mEdit[0m
                  [36m</button>[39m
                  [36m<button[39m
                    [33mclass[39m=[32m"esc_button text-align-center btn btn-danger"[39m
                    [33mtype[39m=[32m"button"[39m
                  [36m>[39m
                    [0mExit[0m
                  [36m</button>[39m
                [36m</div>[39m
              [36m</div>[39m
              [36m<p[39m
                [33mclass[39m=[32m"desc"[39m
              [36m>[39m
                [0mThis quiz is full of blank questions and is not published[0m
              [36m</p>[39m
              [36m<hr />[39m
              [36m<div[39m
                [33mclass[39m=[32m"question"[39m
              [36m>[39m
                [36m<div[39m
                  [33mclass[39m=[32m"question_header"[39m
                [36m>[39m
                  [36m<h4[39m
                    [33mdata-testid[39m=[32m"question_body"[39m
                  [36m>[39m
                    [0m1[0m
                    [0m. [0m
                    [0m[0m
                  [36m</h4>[39m
                  [36m<h4>[39m
                    [0m1[0m
                    [0m pt[0m
                    [0m[0m
                  [36m</h4>[39m
                [36m</div>[39m
                [36m<div[39m
                  [33mclass[39m=[32m"answer_box"[39m
                [36m>[39m
                  [36m<div />[39m
                  [36m<div[39m
                    [33mclass[39m=[32m"sub_check"[39m
                  [36m>[39m
                    [36m<h2[39m
                      [33mclass[39m=[32m"hidden"[39m
                    [36m>[39m
                      [0m✔️[0m
                    [36m</h2>[39m
                    [36m<button[39m
                      [33mclass[39m=[32m"submit_btn btn btn-primary"[39m
                      [33mtype[39m=[32m"button"[39m
                    [36m>[39m
                      [0mSubmit[0m
                    [36m</button>[39m
                  [36m</div>[39m
                [36m</div>[39m
              [36m</div>[39m
              [36m<hr />[39m
              [36m<div[39m
                [33mclass[39m=[32m"question"[39m
              [36m>[39m
                [36m<div[39m
                  [33mclass[39m=[32m"question_header"[39m
                [36m>[39m
                  [36m<h4[39m
                    [33mdata-testid[39m=[32m"question_body"[39m
                  [36m>[39m
                    [0m2[0m
                    [0m. [0m
                    [0m[0m
                  [36m</h4>[39m
                  [36m<h4>[39m
                    [0m1[0m
                    [0m pt[0m
                    [0m[0m
                  [36m</h4>[39m
                [36m</div>[39m
                [36m<div[39m
                  [33mclass[39m=[32m"answer_box"[39m
                [36m>[39m
                  [36m<div />[39m
                  [36m<div[39m
                    [33mclass[39m=[32m"sub_check"[39m
                  [36m>[39m
                    [36m<h2[39m
                      [33mclass[39m=[32m"hidden"[39m
                    [36m>[39m
                      [0m✔️[0m
                    [36m</h2>[39m
                    [36m<button[39m
                      [33mclass[39m=[32m"submit_btn btn btn-primary"[39m
                      [33mtype[39m=[32m"button"[39m
                    [36m>[39m
                      [0mSubmit[0m
                    [36m</button>[39m
                  [36m</div>[39m
                [36m</div>[39m
              [36m</div>[39m
              [36m<hr />[39m
              [36m<div[39m
                [33mclass[39m=[32m"question"[39m
              [36m>[39m
                [36m<div[39m
                  [33mclass[39m=[32m"question_header"[39m
                [36m>[39m
                  [36m<h4[39m
                    [33mdata-testid[39m=[32m"question_body"[39m
                  [36m>[39m
                    [0m3[0m
                    [0m. [0m
                    [0m[0m
                  [36m</h4>[39m
                  [36m<h4>[39m
                    [0m1[0m
                    [0m pt[0m
                    [0m[0m
                  [36m</h4>[39m
                [36m</div>[39m
                [36m<div[39m
                  [33mclass[39m=[32m"answer_box"[39m
                [36m>[39m
                  [36m<div>[39m
                    [36m<input[39m
                      [33mclass[39m=[32m"form-control"[39m
                      [33mdata-testid[39m=[32m"select-option"[39m
                      [33mid[39m=[32m"formShortAnswerBox"[39m
                      [33mvalue[39m=[32m""[39m
                    [36m/>[39m
                  [36m</div>[39m
                  [36m<div[39m
                    [33mclass[39m=[32m"sub_check"[39m
                  [36m>[39m
                    [36m<h2[39m
                      [33mclass[39m=[32m"hidden"[39m
                    [36m>[39m
                      [0m✔️[0m
                    [36m</h2>[39m
                    [36m<button[39m
                      [33mclass[39m=[32m"submit_btn btn btn-primary"[39m
                      [33mtype[39m=[32m"button"[39m
                    [36m>[39m
                      [0mSubmit[0m
                    [36m</button>[39m
                  [36m</div>[39m
                [36m</div>[39m
              [36m</div>[39m
              [36m<hr />[39m
              [36m<div[39m
                [33mclass[39m=[32m"footer"[39m
              [36m>[39m
                [36m<button[39m
                  [33mclass[39m=[32m"btn btn-danger"[39m
                  [33mtype[39m=[32m"button"[39m
                [36m>[39m
                  [0mReset[0m
                [36m</button>[39m
                [36m<span[39m
                  [33mclass[39m=[32m"score_report"[39m
                [36m>[39m
                  [0m0[0m
                  [0m/[0m
                  [0m3[0m
                [36m</span>[39m
              [36m</div>[39m
            [36m</div>[39m
            [36m<div[39m
              [33mclass[39m=[32m"quiz_card"[39m
            [36m>[39m
              [36m<div[39m
                [33mcla...

      161 |         const text = screen.getByText("Simple_Questions");
      162 |         text.click();
    > 163 |         const editButton = screen.getByText("Edit");
          |                                   ^
      164 |         editButton.click();
      165 |
      166 |         const deleteButton = screen.getByText("Delete Quiz");

      at Object.getElementError (node_modules/@testing-library/dom/dist/config.js:38:19)
      at getElementError (node_modules/@testing-library/dom/dist/query-helpers.js:25:35)
      at getMultipleElementsFoundError (node_modules/@testing-library/dom/dist/query-helpers.js:29:10)
      at node_modules/@testing-library/dom/dist/query-helpers.js:66:13
      at getByText (node_modules/@testing-library/dom/dist/query-helpers.js:111:19)
      at Object.<anonymous> (src/quizzer/Quizzer.test.tsx:163:35)

  ● Quizzer Tests › Users can add a new quiz question

    TestingLibraryElementError: Found multiple elements with the text: Edit

    Here are the matching elements:

    Ignored nodes: comments, <script />, <style />
    [36m<button[39m
      [33mclass[39m=[32m"esc_button text-align-center btn btn-warning"[39m
      [33mtype[39m=[32m"button"[39m
    [36m>[39m
      [0mEdit[0m
    [36m</button>[39m

    Ignored nodes: comments, <script />, <style />
    [36m<button[39m
      [33mclass[39m=[32m"esc_button text-align-center btn btn-warning"[39m
      [33mtype[39m=[32m"button"[39m
    [36m>[39m
      [0mEdit[0m
    [36m</button>[39m

    Ignored nodes: comments, <script />, <style />
    [36m<button[39m
      [33mclass[39m=[32m"esc_button text-align-center btn btn-warning"[39m
      [33mtype[39m=[32m"button"[39m
    [36m>[39m
      [0mEdit[0m
    [36m</button>[39m

    Ignored nodes: comments, <script />, <style />
    [36m<button[39m
      [33mclass[39m=[32m"esc_button text-align-center btn btn-warning"[39m
      [33mtype[39m=[32m"button"[39m
    [36m>[39m
      [0mEdit[0m
    [36m</button>[39m

    Ignored nodes: comments, <script />, <style />
    [36m<button[39m
      [33mclass[39m=[32m"esc_button text-align-center btn btn-warning"[39m
      [33mtype[39m=[32m"button"[39m
    [36m>[39m
      [0mEdit[0m
    [36m</button>[39m

    (If this is intentional, then use the `*AllBy*` variant of the query (like `queryAllByText`, `getAllByText`, or `findAllByText`)).

    Ignored nodes: comments, <script />, <style />
    [36m<body[39m
      [33mclass[39m=[32m""[39m
      [33mstyle[39m=[32m"padding-right: 1024px;"[39m
    [36m>[39m
      [36m<div>[39m
        [36m<div[39m
          [33mclass[39m=[32m"quizzer"[39m
        [36m>[39m
          [36m<div[39m
            [33mclass[39m=[32m"quiz_list"[39m
          [36m>[39m
            [36m<div[39m
              [33mclass[39m=[32m"quiz_card"[39m
            [36m>[39m
              [36m<div[39m
                [33mclass[39m=[32m"d-flex justify-content-between align-items-center"[39m
              [36m>[39m
                [36m<div[39m
                  [33mclass[39m=[32m"d-flex align-items-baseline"[39m
                [36m>[39m
                  [36m<h1[39m
                    [33mclass[39m=[32m"title"[39m
                  [36m>[39m
                    [0mBlank_Questions[0m
                  [36m</h1>[39m
                  [36m<p>[39m
                    [0m3[0m
                    [0m question[0m
                    [0ms[0m
                  [36m</p>[39m
                [36m</div>[39m
                [36m<div>[39m
                  [36m<button[39m
                    [33mclass[39m=[32m"esc_button text-align-center btn btn-warning"[39m
                    [33mtype[39m=[32m"button"[39m
                  [36m>[39m
                    [0mEdit[0m
                  [36m</button>[39m
                  [36m<button[39m
                    [33mclass[39m=[32m"esc_button text-align-center btn btn-danger"[39m
                    [33mtype[39m=[32m"button"[39m
                  [36m>[39m
                    [0mExit[0m
                  [36m</button>[39m
                [36m</div>[39m
              [36m</div>[39m
              [36m<p[39m
                [33mclass[39m=[32m"desc"[39m
              [36m>[39m
                [0mThis quiz is full of blank questions and is not published[0m
              [36m</p>[39m
              [36m<hr />[39m
              [36m<div[39m
                [33mclass[39m=[32m"question"[39m
              [36m>[39m
                [36m<div[39m
                  [33mclass[39m=[32m"question_header"[39m
                [36m>[39m
                  [36m<h4[39m
                    [33mdata-testid[39m=[32m"question_body"[39m
                  [36m>[39m
                    [0m1[0m
                    [0m. [0m
                    [0m[0m
                  [36m</h4>[39m
                  [36m<h4>[39m
                    [0m1[0m
                    [0m pt[0m
                    [0m[0m
                  [36m</h4>[39m
                [36m</div>[39m
                [36m<div[39m
                  [33mclass[39m=[32m"answer_box"[39m
                [36m>[39m
                  [36m<div />[39m
                  [36m<div[39m
                    [33mclass[39m=[32m"sub_check"[39m
                  [36m>[39m
                    [36m<h2[39m
                      [33mclass[39m=[32m"hidden"[39m
                    [36m>[39m
                      [0m✔️[0m
                    [36m</h2>[39m
                    [36m<button[39m
                      [33mclass[39m=[32m"submit_btn btn btn-primary"[39m
                      [33mtype[39m=[32m"button"[39m
                    [36m>[39m
                      [0mSubmit[0m
                    [36m</button>[39m
                  [36m</div>[39m
                [36m</div>[39m
              [36m</div>[39m
              [36m<hr />[39m
              [36m<div[39m
                [33mclass[39m=[32m"question"[39m
              [36m>[39m
                [36m<div[39m
                  [33mclass[39m=[32m"question_header"[39m
                [36m>[39m
                  [36m<h4[39m
                    [33mdata-testid[39m=[32m"question_body"[39m
                  [36m>[39m
                    [0m2[0m
                    [0m. [0m
                    [0m[0m
                  [36m</h4>[39m
                  [36m<h4>[39m
                    [0m1[0m
                    [0m pt[0m
                    [0m[0m
                  [36m</h4>[39m
                [36m</div>[39m
                [36m<div[39m
                  [33mclass[39m=[32m"answer_box"[39m
                [36m>[39m
                  [36m<div />[39m
                  [36m<div[39m
                    [33mclass[39m=[32m"sub_check"[39m
                  [36m>[39m
                    [36m<h2[39m
                      [33mclass[39m=[32m"hidden"[39m
                    [36m>[39m
                      [0m✔️[0m
                    [36m</h2>[39m
                    [36m<button[39m
                      [33mclass[39m=[32m"submit_btn btn btn-primary"[39m
                      [33mtype[39m=[32m"button"[39m
                    [36m>[39m
                      [0mSubmit[0m
                    [36m</button>[39m
                  [36m</div>[39m
                [36m</div>[39m
              [36m</div>[39m
              [36m<hr />[39m
              [36m<div[39m
                [33mclass[39m=[32m"question"[39m
              [36m>[39m
                [36m<div[39m
                  [33mclass[39m=[32m"question_header"[39m
                [36m>[39m
                  [36m<h4[39m
                    [33mdata-testid[39m=[32m"question_body"[39m
                  [36m>[39m
                    [0m3[0m
                    [0m. [0m
                    [0m[0m
                  [36m</h4>[39m
                  [36m<h4>[39m
                    [0m1[0m
                    [0m pt[0m
                    [0m[0m
                  [36m</h4>[39m
                [36m</div>[39m
                [36m<div[39m
                  [33mclass[39m=[32m"answer_box"[39m
                [36m>[39m
                  [36m<div>[39m
                    [36m<input[39m
                      [33mclass[39m=[32m"form-control"[39m
                      [33mdata-testid[39m=[32m"select-option"[39m
                      [33mid[39m=[32m"formShortAnswerBox"[39m
                      [33mvalue[39m=[32m""[39m
                    [36m/>[39m
                  [36m</div>[39m
                  [36m<div[39m
                    [33mclass[39m=[32m"sub_check"[39m
                  [36m>[39m
                    [36m<h2[39m
                      [33mclass[39m=[32m"hidden"[39m
                    [36m>[39m
                      [0m✔️[0m
                    [36m</h2>[39m
                    [36m<button[39m
                      [33mclass[39m=[32m"submit_btn btn btn-primary"[39m
                      [33mtype[39m=[32m"button"[39m
                    [36m>[39m
                      [0mSubmit[0m
                    [36m</button>[39m
                  [36m</div>[39m
                [36m</div>[39m
              [36m</div>[39m
              [36m<hr />[39m
              [36m<div[39m
                [33mclass[39m=[32m"footer"[39m
              [36m>[39m
                [36m<button[39m
                  [33mclass[39m=[32m"btn btn-danger"[39m
                  [33mtype[39m=[32m"button"[39m
                [36m>[39m
                  [0mReset[0m
                [36m</button>[39m
                [36m<span[39m
                  [33mclass[39m=[32m"score_report"[39m
                [36m>[39m
                  [0m0[0m
                  [0m/[0m
                  [0m3[0m
                [36m</span>[39m
              [36m</div>[39m
            [36m</div>[39m
            [36m<div[39m
              [33mclass[39m=[32m"quiz_card"[39m
            [36m>[39m
              [36m<div[39m
                [33mcla...

      181 |         ).not.toBeInTheDocument();
      182 |
    > 183 |         const editButton = screen.getByText("Edit");
          |                                   ^
      184 |         editButton.click();
      185 |
      186 |         const addButton = screen.getByText("Add Question");

      at Object.getElementError (node_modules/@testing-library/dom/dist/config.js:38:19)
      at getElementError (node_modules/@testing-library/dom/dist/query-helpers.js:25:35)
      at getMultipleElementsFoundError (node_modules/@testing-library/dom/dist/query-helpers.js:29:10)
      at node_modules/@testing-library/dom/dist/query-helpers.js:66:13
      at getByText (node_modules/@testing-library/dom/dist/query-helpers.js:111:19)
      at Object.<anonymous> (src/quizzer/Quizzer.test.tsx:183:35)

  ● Quizzer Tests › Users can reorder quiz questions

    expect(element).toHaveTextContent()

    Expected element to have text content:
      What is 2+2?
    Received:
      1.

      207 |
      208 |         const intialOrder = screen.getAllByTestId("question_body");
    > 209 |         expect(intialOrder[0]).toHaveTextContent("What is 2+2?");
          |                                ^
      210 |         expect(intialOrder[1]).toHaveTextContent("Which of these is a color?");
      211 |
      212 |         const editButton = screen.getByText("Edit");

      at Object.<anonymous> (src/quizzer/Quizzer.test.tsx:209:32)

  ● Quizzer Tests › Quiz questions can be of AT LEAST two types: a short answer question or multiple choice question 

    TestingLibraryElementError: Found multiple elements with the text: Edit

    Here are the matching elements:

    Ignored nodes: comments, <script />, <style />
    [36m<button[39m
      [33mclass[39m=[32m"esc_button text-align-center btn btn-warning"[39m
      [33mtype[39m=[32m"button"[39m
    [36m>[39m
      [0mEdit[0m
    [36m</button>[39m

    Ignored nodes: comments, <script />, <style />
    [36m<button[39m
      [33mclass[39m=[32m"esc_button text-align-center btn btn-warning"[39m
      [33mtype[39m=[32m"button"[39m
    [36m>[39m
      [0mEdit[0m
    [36m</button>[39m

    Ignored nodes: comments, <script />, <style />
    [36m<button[39m
      [33mclass[39m=[32m"esc_button text-align-center btn btn-warning"[39m
      [33mtype[39m=[32m"button"[39m
    [36m>[39m
      [0mEdit[0m
    [36m</button>[39m

    Ignored nodes: comments, <script />, <style />
    [36m<button[39m
      [33mclass[39m=[32m"esc_button text-align-center btn btn-warning"[39m
      [33mtype[39m=[32m"button"[39m
    [36m>[39m
      [0mEdit[0m
    [36m</button>[39m

    Ignored nodes: comments, <script />, <style />
    [36m<button[39m
      [33mclass[39m=[32m"esc_button text-align-center btn btn-warning"[39m
      [33mtype[39m=[32m"button"[39m
    [36m>[39m
      [0mEdit[0m
    [36m</button>[39m

    (If this is intentional, then use the `*AllBy*` variant of the query (like `queryAllByText`, `getAllByText`, or `findAllByText`)).

    Ignored nodes: comments, <script />, <style />
    [36m<body[39m
      [33mclass[39m=[32m""[39m
      [33mstyle[39m=[32m"padding-right: 1024px;"[39m
    [36m>[39m
      [36m<div>[39m
        [36m<div[39m
          [33mclass[39m=[32m"quizzer"[39m
        [36m>[39m
          [36m<div[39m
            [33mclass[39m=[32m"quiz_list"[39m
          [36m>[39m
            [36m<div[39m
              [33mclass[39m=[32m"quiz_card"[39m
            [36m>[39m
              [36m<div[39m
                [33mclass[39m=[32m"d-flex justify-content-between align-items-center"[39m
              [36m>[39m
                [36m<div[39m
                  [33mclass[39m=[32m"d-flex align-items-baseline"[39m
                [36m>[39m
                  [36m<h1[39m
                    [33mclass[39m=[32m"title"[39m
                  [36m>[39m
                    [0mBlank_Questions[0m
                  [36m</h1>[39m
                  [36m<p>[39m
                    [0m3[0m
                    [0m question[0m
                    [0ms[0m
                  [36m</p>[39m
                [36m</div>[39m
                [36m<div>[39m
                  [36m<button[39m
                    [33mclass[39m=[32m"esc_button text-align-center btn btn-warning"[39m
                    [33mtype[39m=[32m"button"[39m
                  [36m>[39m
                    [0mEdit[0m
                  [36m</button>[39m
                  [36m<button[39m
                    [33mclass[39m=[32m"esc_button text-align-center btn btn-danger"[39m
                    [33mtype[39m=[32m"button"[39m
                  [36m>[39m
                    [0mExit[0m
                  [36m</button>[39m
                [36m</div>[39m
              [36m</div>[39m
              [36m<p[39m
                [33mclass[39m=[32m"desc"[39m
              [36m>[39m
                [0mThis quiz is full of blank questions and is not published[0m
              [36m</p>[39m
              [36m<hr />[39m
              [36m<div[39m
                [33mclass[39m=[32m"question"[39m
              [36m>[39m
                [36m<div[39m
                  [33mclass[39m=[32m"question_header"[39m
                [36m>[39m
                  [36m<h4[39m
                    [33mdata-testid[39m=[32m"question_body"[39m
                  [36m>[39m
                    [0m1[0m
                    [0m. [0m
                    [0m[0m
                  [36m</h4>[39m
                  [36m<h4>[39m
                    [0m1[0m
                    [0m pt[0m
                    [0m[0m
                  [36m</h4>[39m
                [36m</div>[39m
                [36m<div[39m
                  [33mclass[39m=[32m"answer_box"[39m
                [36m>[39m
                  [36m<div />[39m
                  [36m<div[39m
                    [33mclass[39m=[32m"sub_check"[39m
                  [36m>[39m
                    [36m<h2[39m
                      [33mclass[39m=[32m"hidden"[39m
                    [36m>[39m
                      [0m✔️[0m
                    [36m</h2>[39m
                    [36m<button[39m
                      [33mclass[39m=[32m"submit_btn btn btn-primary"[39m
                      [33mtype[39m=[32m"button"[39m
                    [36m>[39m
                      [0mSubmit[0m
                    [36m</button>[39m
                  [36m</div>[39m
                [36m</div>[39m
              [36m</div>[39m
              [36m<hr />[39m
              [36m<div[39m
                [33mclass[39m=[32m"question"[39m
              [36m>[39m
                [36m<div[39m
                  [33mclass[39m=[32m"question_header"[39m
                [36m>[39m
                  [36m<h4[39m
                    [33mdata-testid[39m=[32m"question_body"[39m
                  [36m>[39m
                    [0m2[0m
                    [0m. [0m
                    [0m[0m
                  [36m</h4>[39m
                  [36m<h4>[39m
                    [0m1[0m
                    [0m pt[0m
                    [0m[0m
                  [36m</h4>[39m
                [36m</div>[39m
                [36m<div[39m
                  [33mclass[39m=[32m"answer_box"[39m
                [36m>[39m
                  [36m<div />[39m
                  [36m<div[39m
                    [33mclass[39m=[32m"sub_check"[39m
                  [36m>[39m
                    [36m<h2[39m
                      [33mclass[39m=[32m"hidden"[39m
                    [36m>[39m
                      [0m✔️[0m
                    [36m</h2>[39m
                    [36m<button[39m
                      [33mclass[39m=[32m"submit_btn btn btn-primary"[39m
                      [33mtype[39m=[32m"button"[39m
                    [36m>[39m
                      [0mSubmit[0m
                    [36m</button>[39m
                  [36m</div>[39m
                [36m</div>[39m
              [36m</div>[39m
              [36m<hr />[39m
              [36m<div[39m
                [33mclass[39m=[32m"question"[39m
              [36m>[39m
                [36m<div[39m
                  [33mclass[39m=[32m"question_header"[39m
                [36m>[39m
                  [36m<h4[39m
                    [33mdata-testid[39m=[32m"question_body"[39m
                  [36m>[39m
                    [0m3[0m
                    [0m. [0m
                    [0m[0m
                  [36m</h4>[39m
                  [36m<h4>[39m
                    [0m1[0m
                    [0m pt[0m
                    [0m[0m
                  [36m</h4>[39m
                [36m</div>[39m
                [36m<div[39m
                  [33mclass[39m=[32m"answer_box"[39m
                [36m>[39m
                  [36m<div>[39m
                    [36m<input[39m
                      [33mclass[39m=[32m"form-control"[39m
                      [33mdata-testid[39m=[32m"select-option"[39m
                      [33mid[39m=[32m"formShortAnswerBox"[39m
                      [33mvalue[39m=[32m""[39m
                    [36m/>[39m
                  [36m</div>[39m
                  [36m<div[39m
                    [33mclass[39m=[32m"sub_check"[39m
                  [36m>[39m
                    [36m<h2[39m
                      [33mclass[39m=[32m"hidden"[39m
                    [36m>[39m
                      [0m✔️[0m
                    [36m</h2>[39m
                    [36m<button[39m
                      [33mclass[39m=[32m"submit_btn btn btn-primary"[39m
                      [33mtype[39m=[32m"button"[39m
                    [36m>[39m
                      [0mSubmit[0m
                    [36m</button>[39m
                  [36m</div>[39m
                [36m</div>[39m
              [36m</div>[39m
              [36m<hr />[39m
              [36m<div[39m
                [33mclass[39m=[32m"footer"[39m
              [36m>[39m
                [36m<button[39m
                  [33mclass[39m=[32m"btn btn-danger"[39m
                  [33mtype[39m=[32m"button"[39m
                [36m>[39m
                  [0mReset[0m
                [36m</button>[39m
                [36m<span[39m
                  [33mclass[39m=[32m"score_report"[39m
                [36m>[39m
                  [0m0[0m
                  [0m/[0m
                  [0m3[0m
                [36m</span>[39m
              [36m</div>[39m
            [36m</div>[39m
            [36m<div[39m
              [33mclass[39m=[32m"quiz_card"[39m
            [36m>[39m
              [36m<div[39m
                [33mcla...

      230 |         text.click();
      231 |
    > 232 |         const editButton = screen.getByText("Edit");
          |                                   ^
      233 |         editButton.click();
      234 |
      235 |         const dropdown = screen.getAllByLabelText("Type:")[0];

      at Object.getElementError (node_modules/@testing-library/dom/dist/config.js:38:19)
      at getElementError (node_modules/@testing-library/dom/dist/query-helpers.js:25:35)
      at getMultipleElementsFoundError (node_modules/@testing-library/dom/dist/query-helpers.js:29:10)
      at node_modules/@testing-library/dom/dist/query-helpers.js:66:13
      at getByText (node_modules/@testing-library/dom/dist/query-helpers.js:111:19)
      at Object.<anonymous> (src/quizzer/Quizzer.test.tsx:232:35)

PASS src/App.test.tsx
-------------------|---------|----------|---------|---------|----------------------------
File               | % Stmts | % Branch | % Funcs | % Lines | Uncovered Line #s          
-------------------|---------|----------|---------|---------|----------------------------
All files          |   41.37 |    44.82 |    31.5 |   41.72 |                            
 src               |   66.66 |       50 |      50 |   66.66 |                            
  App.tsx          |   66.66 |       50 |      50 |   66.66 | 16                         
 src/interfaces    |       0 |        0 |       0 |       0 |                            
  question.ts      |       0 |        0 |       0 |       0 |                            
  quiz.ts          |       0 |        0 |       0 |       0 |                            
 src/quizzer       |   40.84 |    44.44 |   30.98 |   41.17 |                            
  AddQuizModal.tsx |   64.28 |      100 |      40 |   64.28 | 36-53                      
  QuestionEdit.tsx |    3.33 |        0 |       0 |    3.33 | 22-251                     
  QuizCard.tsx     |     100 |       80 |     100 |     100 | 29                         
  QuizEdit.tsx     |     3.7 |        0 |       0 |       4 | 19-162                     
  QuizExpanded.tsx |      50 |    57.14 |   33.33 |      52 | 30-32,41,45-53,57-60,80-81 
  QuizList.tsx     |   88.88 |      100 |      80 |   88.88 | 26                         
  QuizQuestion.tsx |      50 |    64.28 |      50 |      50 | 24-25,30-32                
  QuizView.tsx     |      80 |       75 |      50 |      80 | 21                         
  Quizzer.tsx      |      75 |        0 |      60 |   76.92 | 28-29,46                   
-------------------|---------|----------|---------|---------|----------------------------

Test Suites: 1 failed, 1 passed, 2 total
Tests:       10 failed, 5 passed, 15 total
Snapshots:   0 total
Time:        6.079 s
Ran all test suites.
